Component: ARM Compiler 5.05 update 1 (build 106) Tool: armlink [4d0efa]

==============================================================================

Section Cross References

    startup_stm32l496xx.o(RESET) refers to startup_stm32l496xx.o(STACK) for __initial_sp
    startup_stm32l496xx.o(RESET) refers to startup_stm32l496xx.o(.text) for Reset_Handler
    startup_stm32l496xx.o(RESET) refers to stm32l4xx_it.o(i.NMI_Handler) for NMI_Handler
    startup_stm32l496xx.o(RESET) refers to stm32l4xx_it.o(i.HardFault_Handler) for HardFault_Handler
    startup_stm32l496xx.o(RESET) refers to stm32l4xx_it.o(i.MemManage_Handler) for MemManage_Handler
    startup_stm32l496xx.o(RESET) refers to stm32l4xx_it.o(i.BusFault_Handler) for BusFault_Handler
    startup_stm32l496xx.o(RESET) refers to stm32l4xx_it.o(i.UsageFault_Handler) for UsageFault_Handler
    startup_stm32l496xx.o(RESET) refers to port.o(.emb_text) for SVC_Handler
    startup_stm32l496xx.o(RESET) refers to stm32l4xx_it.o(i.DebugMon_Handler) for DebugMon_Handler
    startup_stm32l496xx.o(RESET) refers to stm32l4xx_it.o(i.SysTick_Handler) for SysTick_Handler
    startup_stm32l496xx.o(RESET) refers to stm32l4xx_it.o(i.DMA1_Channel1_IRQHandler) for DMA1_Channel1_IRQHandler
    startup_stm32l496xx.o(RESET) refers to stm32l4xx_it.o(i.DMA1_Channel2_IRQHandler) for DMA1_Channel2_IRQHandler
    startup_stm32l496xx.o(RESET) refers to stm32l4xx_it.o(i.DMA1_Channel3_IRQHandler) for DMA1_Channel3_IRQHandler
    startup_stm32l496xx.o(RESET) refers to stm32l4xx_it.o(i.DMA1_Channel4_IRQHandler) for DMA1_Channel4_IRQHandler
    startup_stm32l496xx.o(RESET) refers to stm32l4xx_it.o(i.DMA1_Channel5_IRQHandler) for DMA1_Channel5_IRQHandler
    startup_stm32l496xx.o(RESET) refers to stm32l4xx_it.o(i.DMA1_Channel6_IRQHandler) for DMA1_Channel6_IRQHandler
    startup_stm32l496xx.o(RESET) refers to stm32l4xx_it.o(i.DMA1_Channel7_IRQHandler) for DMA1_Channel7_IRQHandler
    startup_stm32l496xx.o(RESET) refers to stm32l4xx_it.o(i.TIM1_UP_TIM16_IRQHandler) for TIM1_UP_TIM16_IRQHandler
    startup_stm32l496xx.o(RESET) refers to stm32l4xx_it.o(i.USART1_IRQHandler) for USART1_IRQHandler
    startup_stm32l496xx.o(RESET) refers to stm32l4xx_it.o(i.USART2_IRQHandler) for USART2_IRQHandler
    startup_stm32l496xx.o(RESET) refers to stm32l4xx_it.o(i.USART3_IRQHandler) for USART3_IRQHandler
    startup_stm32l496xx.o(RESET) refers to stm32l4xx_it.o(i.UART5_IRQHandler) for UART5_IRQHandler
    startup_stm32l496xx.o(RESET) refers to stm32l4xx_it.o(i.TIM6_DAC_IRQHandler) for TIM6_DAC_IRQHandler
    startup_stm32l496xx.o(RESET) refers to stm32l4xx_it.o(i.TIM7_IRQHandler) for TIM7_IRQHandler
    startup_stm32l496xx.o(RESET) refers to stm32l4xx_it.o(i.DMA2_Channel1_IRQHandler) for DMA2_Channel1_IRQHandler
    startup_stm32l496xx.o(RESET) refers to stm32l4xx_it.o(i.DMA2_Channel2_IRQHandler) for DMA2_Channel2_IRQHandler
    startup_stm32l496xx.o(.text) refers to system_stm32l4xx.o(i.SystemInit) for SystemInit
    startup_stm32l496xx.o(.text) refers to entry.o(.ARM.Collect$$$$00000000) for __main
    fonts.o(.data) refers to fonts.o(.constdata) for Font7x10
    fonts.o(.data) refers to dejavu_8x14.o(.constdata) for dejavu_8x15_RU
    fonts.o(.data) refers to dejavu_5x10.o(.constdata) for dejavu_5x10_RU
    ssd1306.o(i.check_logo) refers to ssd1306.o(i.ssd1306_DrawPixel) for ssd1306_DrawPixel
    ssd1306.o(i.check_logo) refers to fonts.o(.constdata) for tik_logo2
    ssd1306.o(i.horizont_line) refers to ssd1306.o(i.ssd1306_DrawPixel) for ssd1306_DrawPixel
    ssd1306.o(i.logo) refers to ssd1306.o(i.ssd1306_DrawPixel) for ssd1306_DrawPixel
    ssd1306.o(i.logo) refers to fonts.o(.constdata) for tik_logo2
    ssd1306.o(i.rombus) refers to ssd1306.o(i.ssd1306_DrawPixel) for ssd1306_DrawPixel
    ssd1306.o(i.ssd1306_DrawPixel) refers to ssd1306.o(.data) for SSD1306
    ssd1306.o(i.ssd1306_DrawPixel) refers to ssd1306.o(.bss) for SSD1306_Buffer
    ssd1306.o(i.ssd1306_Fill) refers to ssd1306.o(.bss) for SSD1306_Buffer
    ssd1306.o(i.ssd1306_Init) refers to stm32l4xx_hal_gpio.o(i.HAL_GPIO_WritePin) for HAL_GPIO_WritePin
    ssd1306.o(i.ssd1306_Init) refers to stm32l4xx_hal.o(i.HAL_Delay) for HAL_Delay
    ssd1306.o(i.ssd1306_Init) refers to ssd1306.o(i.ssd1306_WriteCommand) for ssd1306_WriteCommand
    ssd1306.o(i.ssd1306_Init) refers to ssd1306.o(i.ssd1306_Fill) for ssd1306_Fill
    ssd1306.o(i.ssd1306_Init) refers to ssd1306.o(i.ssd1306_UpdateScreen) for ssd1306_UpdateScreen
    ssd1306.o(i.ssd1306_Init) refers to ssd1306.o(.data) for SSD1306
    ssd1306.o(i.ssd1306_SetCursor) refers to ssd1306.o(.data) for SSD1306
    ssd1306.o(i.ssd1306_UpdateScreen) refers to stm32l4xx_hal_gpio.o(i.HAL_GPIO_WritePin) for HAL_GPIO_WritePin
    ssd1306.o(i.ssd1306_UpdateScreen) refers to stm32l4xx_hal_spi.o(i.HAL_SPI_Transmit) for HAL_SPI_Transmit
    ssd1306.o(i.ssd1306_UpdateScreen) refers to ssd1306.o(.bss) for SSD1306_Buffer
    ssd1306.o(i.ssd1306_UpdateScreen) refers to spi.o(.bss) for hspi3
[...]
    read_registers_from_flash                0x08021625   Thumb Code   116  flash_manager.o(i.read_registers_from_flash)
    save_settings                            0x0802169d   Thumb Code   548  freertos.o(i.save_settings)
    ssd1306_DrawPixel                        0x08021941   Thumb Code   152  ssd1306.o(i.ssd1306_DrawPixel)
    ssd1306_Fill                             0x080219e1   Thumb Code    28  ssd1306.o(i.ssd1306_Fill)
    ssd1306_Init                             0x08021a01   Thumb Code   202  ssd1306.o(i.ssd1306_Init)
    ssd1306_SetCursor                        0x08021ad5   Thumb Code     8  ssd1306.o(i.ssd1306_SetCursor)
    ssd1306_UpdateScreen                     0x08021ae1   Thumb Code    80  ssd1306.o(i.ssd1306_UpdateScreen)
    ssd1306_WriteChar                        0x08021b3d   Thumb Code   164  ssd1306.o(i.ssd1306_WriteChar)
    ssd1306_WriteString                      0x08021c2d   Thumb Code    44  ssd1306.o(i.ssd1306_WriteString)
    string_scroll                            0x08021c59   Thumb Code    64  freertos.o(i.string_scroll)
    string_scroll_with_number                0x08021ca1   Thumb Code    96  freertos.o(i.string_scroll_with_number)
    triangle_down                            0x08021d15   Thumb Code   120  ssd1306.o(i.triangle_down)
    triangle_left                            0x08021d8d   Thumb Code   118  ssd1306.o(i.triangle_left)
    triangle_right                           0x08021e03   Thumb Code   120  ssd1306.o(i.triangle_right)
    triangle_up                              0x08021e7b   Thumb Code   118  ssd1306.o(i.triangle_up)
    turnover_counter                         0x08021ef1   Thumb Code   544  freertos.o(i.turnover_counter)
    ulTaskNotifyTake                         0x08022165   Thumb Code   108  tasks.o(i.ulTaskNotifyTake)
    uxListRemove                             0x080221d9   Thumb Code    40  list.o(i.uxListRemove)
    uxQueueMessagesWaiting                   0x08022201   Thumb Code    42  queue.o(i.uxQueueMessagesWaiting)
    vApplicationIdleHook                     0x0802222d   Thumb Code    28  main.o(i.vApplicationIdleHook)
    vApplicationStackOverflowHook            0x08022255   Thumb Code     2  freertos.o(i.vApplicationStackOverflowHook)
    vListInitialise                          0x08022257   Thumb Code    26  list.o(i.vListInitialise)
    vListInitialiseItem                      0x08022271   Thumb Code     6  list.o(i.vListInitialiseItem)
    vListInsert                              0x08022277   Thumb Code    52  list.o(i.vListInsert)
    vListInsertEnd                           0x080222ab   Thumb Code    24  list.o(i.vListInsertEnd)
    vPortEnterCritical                       0x080222c5   Thumb Code    76  port.o(i.vPortEnterCritical)
    vPortExitCritical                        0x08022319   Thumb Code    56  port.o(i.vPortExitCritical)
    vPortFree                                0x08022355   Thumb Code   140  heap_4.o(i.vPortFree)
    vPortSetupTimerInterrupt                 0x080223e9   Thumb Code    36  port.o(i.vPortSetupTimerInterrupt)
    vPortValidateInterruptPriority           0x08022411   Thumb Code   106  port.o(i.vPortValidateInterruptPriority)
    vTaskDelay                               0x08022489   Thumb Code    82  tasks.o(i.vTaskDelay)
    vTaskInternalSetTimeOutState             0x080224e5   Thumb Code    14  tasks.o(i.vTaskInternalSetTimeOutState)
    vTaskMissedYield                         0x080224fd   Thumb Code     8  tasks.o(i.vTaskMissedYield)
    vTaskPlaceOnEventList                    0x08022509   Thumb Code    52  tasks.o(i.vTaskPlaceOnEventList)
    vTaskPriorityDisinheritAfterTimeout      0x08022541   Thumb Code   230  tasks.o(i.vTaskPriorityDisinheritAfterTimeout)
    vTaskStartScheduler                      0x08022635   Thumb Code   112  tasks.o(i.vTaskStartScheduler)
    vTaskSuspendAll                          0x080226c1   Thumb Code    12  tasks.o(i.vTaskSuspendAll)
    vTaskSwitchContext                       0x080226d1   Thumb Code   200  tasks.o(i.vTaskSwitchContext)
    write_flash                              0x080227b5   Thumb Code   110  flash_manager.o(i.write_flash)
    write_reg_flash                          0x08022829   Thumb Code    92  flash_manager.o(i.write_reg_flash)
    write_registers_to_flash                 0x08022889   Thumb Code    86  flash_manager.o(i.write_registers_to_flash)
    xPortGetFreeHeapSize                     0x080228e1   Thumb Code     6  heap_4.o(i.xPortGetFreeHeapSize)
    xPortStartScheduler                      0x080228ed   Thumb Code   330  port.o(i.xPortStartScheduler)
    xPortSysTickHandler                      0x08022a55   Thumb Code    46  port.o(i.xPortSysTickHandler)
    xQueueCreateMutex                        0x08022a89   Thumb Code    34  queue.o(i.xQueueCreateMutex)
    xQueueGenericCreate                      0x08022aab   Thumb Code    88  queue.o(i.xQueueGenericCreate)
    xQueueGenericReset                       0x08022b05   Thumb Code   146  queue.o(i.xQueueGenericReset)
    xQueueGenericSend                        0x08022b9d   Thumb Code   420  queue.o(i.xQueueGenericSend)
    xQueueGiveFromISR                        0x08022d45   Thumb Code   224  queue.o(i.xQueueGiveFromISR)
    xQueueReceive                            0x08022e25   Thumb Code   356  queue.o(i.xQueueReceive)
    xQueueSemaphoreTake                      0x08022f8d   Thumb Code   434  queue.o(i.xQueueSemaphoreTake)
    xTaskCheckForTimeOut                     0x08023145   Thumb Code   132  tasks.o(i.xTaskCheckForTimeOut)
    xTaskCreate                              0x080231d1   Thumb Code    96  tasks.o(i.xTaskCreate)
    xTaskGenericNotify                       0x08023231   Thumb Code   242  tasks.o(i.xTaskGenericNotify)
    xTaskGetCurrentTaskHandle                0x08023335   Thumb Code     6  tasks.o(i.xTaskGetCurrentTaskHandle)
    xTaskGetIdleTaskHandle                   0x08023341   Thumb Code    42  tasks.o(i.xTaskGetIdleTaskHandle)
    xTaskGetSchedulerState                   0x08023371   Thumb Code    24  tasks.o(i.xTaskGetSchedulerState)
    xTaskGetTickCount                        0x08023391   Thumb Code     6  tasks.o(i.xTaskGetTickCount)
    xTaskIncrementTick                       0x0802339d   Thumb Code   282  tasks.o(i.xTaskIncrementTick)
    xTaskPriorityDisinherit                  0x080234e5   Thumb Code   188  tasks.o(i.xTaskPriorityDisinherit)
    xTaskPriorityInherit                     0x080235ad   Thumb Code   186  tasks.o(i.xTaskPriorityInherit)
    xTaskRemoveFromEventList                 0x08023675   Thumb Code   128  tasks.o(i.xTaskRemoveFromEventList)
    xTaskResumeAll                           0x0802370d   Thumb Code   224  tasks.o(i.xTaskResumeAll)
    tik_logo                                 0x08026024   Data        2310  fonts.o(.constdata)
    tik_logo2                                0x0802692a   Data         990  fonts.o(.constdata)
    dejavu_5x10                              0x08026d08   Data        1920  dejavu_5x10.o(.constdata)
    dejavu_5x10_RU                           0x08027488   Data        1280  dejavu_5x10.o(.constdata)
    dejavu_8x14                              0x08027988   Data        2688  dejavu_8x14.o(.constdata)
    dejavu_8x15_RU                           0x08028408   Data        1950  dejavu_8x14.o(.constdata)
    DejaVu_Sans_Mono12x19                    0x08028ba6   Data        7104  dejavu_8x14.o(.constdata)
    items_menu_icp                           0x0802ab68   Data           1  freertos.o(.constdata)
    items_menu_4_20                          0x0802ab69   Data           1  freertos.o(.constdata)
    items_menu_485                           0x0802ab6a   Data           1  freertos.o(.constdata)
    items_menu_relay                         0x0802ab6b   Data           1  freertos.o(.constdata)
    items_menu_common                        0x0802ab6c   Data           1  freertos.o(.constdata)
    items_menu_info                          0x0802ab6d   Data           1  freertos.o(.constdata)
    items_menu_config                        0x0802ab6e   Data           1  freertos.o(.constdata)
    baudrate_array                           0x0802ab70   Data          60  freertos.o(.constdata)
    AHBPrescTable                            0x0802adb4   Data          16  system_stm32l4xx.o(.constdata)
    APBPrescTable                            0x0802adc4   Data           8  system_stm32l4xx.o(.constdata)
    MSIRangeTable                            0x0802adcc   Data          48  system_stm32l4xx.o(.constdata)
    Region$$Table$$Base                      0x0802af34   Number         0  anon$$obj.o(Region$$Table)
    Region$$Table$$Limit                     0x0802af54   Number         0  anon$$obj.o(Region$$Table)
    Font_7x10                                0x20000000   Data           8  fonts.o(.data)
    Font_11x18                               0x20000008   Data           8  fonts.o(.data)
    Font_16x26                               0x20000010   Data           8  fonts.o(.data)
    font_8x15_RU                             0x20000018   Data           8  fonts.o(.data)
    font_8x14                                0x20000020   Data           8  fonts.o(.data)
    font_5x10_RU                             0x20000028   Data           8  fonts.o(.data)
    font_5x10                                0x20000030   Data           8  fonts.o(.data)
    size_buffer                              0x20000038   Data           2  ssd1306.o(.data)
    SSD1306                                  0x2000003a   Data           6  ssd1306.o(.data)
    cpu_load                                 0x20000040   Data           4  task_manager.o(.data)
    cpu_float                                0x20000044   Data           4  task_manager.o(.data)
    cpu_load2                                0x20000050   Data           8  main.o(.data)
    count_idle                               0x20000058   Data           4  main.o(.data)
    value                                    0x2000005c   Data           4  main.o(.data)
    freeHeapSize                             0x20000060   Data           4  main.o(.data)
    timer_100ms                              0x20000064   Data           4  main.o(.data)
    temp1                                    0x20000068   Data           4  main.o(.data)
    temp2                                    0x2000006c   Data           4  main.o(.data)
    temp3                                    0x20000070   Data           4  main.o(.data)
    temp4                                    0x20000074   Data           4  main.o(.data)
    status_flash_reg                         0x20000078   Data           1  main.o(.data)
    boot_timer_counter                       0x2000007c   Data           4  main.o(.data)
    timer_485_counter                        0x20000080   Data           2  main.o(.data)
    quit_timer                               0x20000082   Data           1  main.o(.data)
    warm_timer                               0x20000084   Data           4  main.o(.data)
    Semaphore1                               0x20000090   Data           4  freertos.o(.data)
    Semaphore2                               0x20000094   Data           4  freertos.o(.data)
    Semaphore_Acceleration                   0x20000098   Data           4  freertos.o(.data)
    Semaphore_Velocity                       0x2000009c   Data           4  freertos.o(.data)
    Semaphore_Displacement                   0x200000a0   Data           4  freertos.o(.data)
    Q_Semaphore_Acceleration                 0x200000a4   Data           4  freertos.o(.data)
    Q_Semaphore_Velocity                     0x200000a8   Data           4  freertos.o(.data)
    Q_Semaphore_Displacement                 0x200000ac   Data           4  freertos.o(.data)
    Semaphore_Modbus_Rx                      0x200000b0   Data           4  freertos.o(.data)
    Semaphore_Modbus_Tx                      0x200000b4   Data           4  freertos.o(.data)
    Semaphore_Master_Modbus_Rx               0x200000b8   Data           4  freertos.o(.data)
    Semaphore_Master_Modbus_Tx               0x200000bc   Data           4  freertos.o(.data)
    Semaphore_Relay_1                        0x200000c0   Data           4  freertos.o(.data)
    Semaphore_Relay_2                        0x200000c4   Data           4  freertos.o(.data)
    Semaphore_HART_Receive                   0x200000c8   Data           4  freertos.o(.data)
    Semaphore_HART_Transmit                  0x200000cc   Data           4  freertos.o(.data)
    Mutex_Setting                            0x200000d0   Data           4  freertos.o(.data)
    Mutex_Average                            0x200000d4   Data           4  freertos.o(.data)
    Semaphore_TBUS_Modbus_Rx                 0x200000d8   Data           4  freertos.o(.data)
    Semaphore_TBUS_Modbus_Tx                 0x200000dc   Data           4  freertos.o(.data)
    Semaphore_Bootloader_Update              0x200000e0   Data           4  freertos.o(.data)
    Semaphore_Bootloader_Erase               0x200000e4   Data           4  freertos.o(.data)
    dac_voltage                              0x200000e8   Data           4  freertos.o(.data)
    mean_4_20                                0x200000ec   Data           4  freertos.o(.data)
    xTimeBefore                              0x200000f0   Data           8  freertos.o(.data)
    xTotalTimeSuspended                      0x200000f8   Data           8  freertos.o(.data)
    Q_A_rms_array_icp                        0x20000100   Data           4  freertos.o(.data)
    Q_V_rms_array_icp                        0x20000104   Data           4  freertos.o(.data)
    Q_D_rms_array_icp                        0x20000108   Data           4  freertos.o(.data)
    Q_A_mean_array_4_20                      0x2000010c   Data           4  freertos.o(.data)
    Q_V_rms_array_4_20                       0x20000110   Data           4  freertos.o(.data)
    Q_D_rms_array_4_20                       0x20000114   Data           4  freertos.o(.data)
    Q_A_peak_array_icp                       0x20000118   Data           4  freertos.o(.data)
    Q_V_peak_array_icp                       0x2000011c   Data           4  freertos.o(.data)
    Q_D_peak_array_icp                       0x20000120   Data           4  freertos.o(.data)
    Q_A_2peak_array_icp                      0x20000124   Data           4  freertos.o(.data)
    Q_V_2peak_array_icp                      0x20000128   Data           4  freertos.o(.data)
    Q_D_2peak_array_icp                      0x2000012c   Data           4  freertos.o(.data)
    Q_peak_array_4_20                        0x20000130   Data           4  freertos.o(.data)
    Q_2peak_array_4_20                       0x20000134   Data           4  freertos.o(.data)
    acceleration_queue_icp                   0x20000138   Data           4  freertos.o(.data)
    velocity_queue_icp                       0x2000013c   Data           4  freertos.o(.data)
    displacement_queue_icp                   0x20000140   Data           4  freertos.o(.data)
    queue_4_20                               0x20000144   Data           4  freertos.o(.data)
    velocity_queue_4_20                      0x20000148   Data           4  freertos.o(.data)
    displacement_queue_4_20                  0x2000014c   Data           4  freertos.o(.data)
    acceleration_peak_queue_icp              0x20000150   Data           4  freertos.o(.data)
    velocity_peak_queue_icp                  0x20000154   Data           4  freertos.o(.data)
    displacement_peak_queue_icp              0x20000158   Data           4  freertos.o(.data)
    acceleration_2peak_queue_icp             0x2000015c   Data           4  freertos.o(.data)
    velocity_2peak_queue_icp                 0x20000160   Data           4  freertos.o(.data)
    displacement_2peak_queue_icp             0x20000164   Data           4  freertos.o(.data)
    queue_peak_4_20                          0x20000168   Data           4  freertos.o(.data)
    queue_2peak_4_20                         0x2000016c   Data           4  freertos.o(.data)
    queue_count_A_icp                        0x20000170   Data           1  freertos.o(.data)
    queue_count_A_4_20                       0x20000171   Data           1  freertos.o(.data)
    queue_count_V_icp                        0x20000172   Data           1  freertos.o(.data)
    queue_count_V_4_20                       0x20000173   Data           1  freertos.o(.data)
    queue_count_D_icp                        0x20000174   Data           1  freertos.o(.data)
    queue_count_D_4_20                       0x20000175   Data           1  freertos.o(.data)
    min_4_20                                 0x20000178   Data           4  freertos.o(.data)
    max_4_20                                 0x2000017c   Data           4  freertos.o(.data)
    button_state                             0x20000180   Data           1  freertos.o(.data)
    master_transmitBuffer                    0x20000181   Data           8  freertos.o(.data)
    HART_transmitBuffer                      0x20000189   Data           8  freertos.o(.data)
    hart_switch_on                           0x20000191   Data           1  freertos.o(.data)
    hart_slave_address                       0x20000192   Data           2  freertos.o(.data)
    hart_slave_numreg                        0x20000194   Data           2  freertos.o(.data)
    hart_func                                0x20000196   Data           1  freertos.o(.data)
    hart_regs_qty                            0x20000198   Data           2  freertos.o(.data)
    hart_timeout_transmit                    0x2000019a   Data           2  freertos.o(.data)
    hart_time_poll                           0x2000019c   Data           2  freertos.o(.data)
    hart_value                               0x2000019e   Data           2  freertos.o(.data)
    icp_voltage                              0x200001a0   Data           4  freertos.o(.data)
    lo_warning_icp                           0x200001a4   Data           4  freertos.o(.data)
    hi_warning_icp                           0x200001a8   Data           4  freertos.o(.data)
    lo_emerg_icp                             0x200001ac   Data           4  freertos.o(.data)
    hi_emerg_icp                             0x200001b0   Data           4  freertos.o(.data)
    break_sensor_icp                         0x200001b4   Data           1  freertos.o(.data)
    break_level_icp                          0x200001b8   Data           4  freertos.o(.data)
    range_icp                                0x200001bc   Data           4  freertos.o(.data)
    filter_mode_icp                          0x200001c0   Data           1  freertos.o(.data)
    rms_acceleration_icp                     0x200001c4   Data           4  freertos.o(.data)
    rms_velocity_icp                         0x200001c8   Data           4  freertos.o(.data)
    rms_displacement_icp                     0x200001cc   Data           4  freertos.o(.data)
    sensor_coef                              0x200001d0   Data           4  freertos.o(.data)
    icp_coef_K                               0x200001d4   Data           4  freertos.o(.data)
    icp_coef_B                               0x200001d8   Data           4  freertos.o(.data)
    max_acceleration_icp                     0x200001dc   Data           4  freertos.o(.data)
    min_acceleration_icp                     0x200001e0   Data           4  freertos.o(.data)
    max_velocity_icp                         0x200001e4   Data           4  freertos.o(.data)
    min_velocity_icp                         0x200001e8   Data           4  freertos.o(.data)
    max_displacement_icp                     0x200001ec   Data           4  freertos.o(.data)
    min_displacement_icp                     0x200001f0   Data           4  freertos.o(.data)
    current_4_20                             0x200001f4   Data           4  freertos.o(.data)
    out_required_current                     0x200001f8   Data           4  freertos.o(.data)
    lo_warning_420                           0x200001fc   Data           4  freertos.o(.data)
    hi_warning_420                           0x20000200   Data           4  freertos.o(.data)
    lo_emerg_420                             0x20000204   Data           4  freertos.o(.data)
    hi_emerg_420                             0x20000208   Data           4  freertos.o(.data)
    break_sensor_420                         0x2000020c   Data           1  freertos.o(.data)
    coef_ampl_420                            0x20000210   Data           4  freertos.o(.data)
    coef_offset_420                          0x20000214   Data           4  freertos.o(.data)
    up_user_range_4_20                       0x20000218   Data           4  freertos.o(.data)
    down_user_range_4_20                     0x2000021c   Data           4  freertos.o(.data)
    calculated_value_4_20                    0x20000220   Data           4  freertos.o(.data)
    slave_adr_mb_master                      0x20000224   Data           2  freertos.o(.data)
    mb_master_timeout                        0x20000226   Data           2  freertos.o(.data)
    slave_reg_mb_master                      0x20000228   Data           2  freertos.o(.data)
    slave_func_mb_master                     0x2000022a   Data           2  freertos.o(.data)
    mb_master_recieve_data                   0x2000022c   Data           4  freertos.o(.data)
    quantity_reg_mb_master                   0x20000230   Data           2  freertos.o(.data)
    break_sensor_485                         0x20000232   Data           1  freertos.o(.data)
    master_transmit_buffer                   0x20000233   Data           8  freertos.o(.data)
    master_response_received_id              0x2000023b   Data           1  freertos.o(.data)
    mb_master_timeout_error                  0x20000240   Data           8  freertos.o(.data)
    mb_master_timeout_error_percent          0x20000248   Data           4  freertos.o(.data)
    mb_master_crc_error                      0x20000250   Data           8  freertos.o(.data)
    mb_master_crc_error_percent              0x20000258   Data           4  freertos.o(.data)
    mb_master_request                        0x20000260   Data           8  freertos.o(.data)
    mb_master_response                       0x20000268   Data           8  freertos.o(.data)
    xTimeOutBefore                           0x20000270   Data           4  freertos.o(.data)
    xTotalTimeOutSuspended                   0x20000274   Data           4  freertos.o(.data)
    trigger_485_event_attribute_warning      0x20000278   Data           2  freertos.o(.data)
    trigger_485_event_attribute_emerg        0x2000027a   Data           2  freertos.o(.data)
    trigger_485_event_attribute_xtd1         0x2000027c   Data           4  freertos.o(.data)
    trigger_485_event_attribute_xtd2         0x20000280   Data           4  freertos.o(.data)
    trigger_485_event_attribute_xtd3         0x20000284   Data           4  freertos.o(.data)
    trigger_485_ZSK                          0x20000288   Data           8  freertos.o(.data)
    trigger_485_ZSK_previous                 0x20000290   Data           8  freertos.o(.data)
    trigger_485_ZSK_percent                  0x20000298   Data           2  freertos.o(.data)
    trigger_485_ZSK_percent_prev             0x2000029a   Data           2  freertos.o(.data)
    x_axis                                   0x2000029c   Data           2  freertos.o(.data)
    y_axis                                   0x2000029e   Data           2  freertos.o(.data)
    z_axis                                   0x200002a0   Data           2  freertos.o(.data)
    state_emerg_relay                        0x200002a2   Data           1  freertos.o(.data)
    state_warning_relay                      0x200002a3   Data           1  freertos.o(.data)
    mode_relay                               0x200002a4   Data           2  freertos.o(.data)
    source_signal_relay                      0x200002a6   Data           1  freertos.o(.data)
    delay_relay                              0x200002a8   Data           2  freertos.o(.data)
    delay_relay_exit                         0x200002aa   Data           2  freertos.o(.data)
    flag_for_delay_relay_exit                0x200002ac   Data           1  freertos.o(.data)
    warning_relay_counter                    0x200002ae   Data           2  freertos.o(.data)
    emerg_relay_counter                      0x200002b0   Data           2  freertos.o(.data)
    test_relay                               0x200002b2   Data           2  freertos.o(.data)
    delay_relay_exit_1                       0x200002b4   Data           1  freertos.o(.data)
    delay_relay_exit_2                       0x200002b5   Data           1  freertos.o(.data)
    flag_for_delay_relay_exit_1              0x200002b6   Data           1  freertos.o(.data)
    flag_for_delay_relay_exit_2              0x200002b7   Data           1  freertos.o(.data)
    timer_delay_relay_exit_1                 0x200002b8   Data           2  freertos.o(.data)
    timer_delay_relay_exit_2                 0x200002ba   Data           2  freertos.o(.data)
    flag_for_delay_relay_exit_1_icp          0x200002bc   Data           1  freertos.o(.data)
    timer_delay_relay_exit_1_icp             0x200002be   Data           2  freertos.o(.data)
    flag_for_delay_relay_exit_2_icp          0x200002c0   Data           1  freertos.o(.data)
    timer_delay_relay_exit_2_icp             0x200002c2   Data           2  freertos.o(.data)
    flag_for_delay_relay_exit_1_485          0x200002c4   Data           1  freertos.o(.data)
    timer_delay_relay_exit_1_485             0x200002c6   Data           2  freertos.o(.data)
    flag_for_delay_relay_exit_2_485          0x200002c8   Data           1  freertos.o(.data)
    timer_delay_relay_exit_2_485             0x200002ca   Data           2  freertos.o(.data)
    flag_delay_relay_1_4_20                  0x200002cc   Data           1  freertos.o(.data)
    relay_permission_1_4_20                  0x200002cd   Data           1  freertos.o(.data)
    timer_delay_relay_1_4_20                 0x200002ce   Data           2  freertos.o(.data)
    flag_delay_relay_2_4_20                  0x200002d0   Data           1  freertos.o(.data)
    relay_permission_2_4_20                  0x200002d1   Data           1  freertos.o(.data)
    timer_delay_relay_2_4_20                 0x200002d2   Data           2  freertos.o(.data)
    flag_delay_relay_1_icp                   0x200002d4   Data           1  freertos.o(.data)
    relay_permission_1_icp                   0x200002d5   Data           1  freertos.o(.data)
    timer_delay_relay_1_icp                  0x200002d6   Data           2  freertos.o(.data)
    flag_delay_relay_2_icp                   0x200002d8   Data           1  freertos.o(.data)
    relay_permission_2_icp                   0x200002d9   Data           1  freertos.o(.data)
    timer_delay_relay_2_icp                  0x200002da   Data           2  freertos.o(.data)
    source_signal_out420                     0x200002dc   Data           1  freertos.o(.data)
    variable_for_out_4_20                    0x200002e0   Data           4  freertos.o(.data)
    out_4_20_coef_K                          0x200002e4   Data           4  freertos.o(.data)
    out_4_20_coef_B                          0x200002e8   Data           4  freertos.o(.data)
    bin_input_state                          0x200002ec   Data           1  freertos.o(.data)
    power_supply_voltage                     0x200002f0   Data           4  freertos.o(.data)
    slave_adr                                0x200002f4   Data           2  freertos.o(.data)
    warming_up                               0x200002f6   Data           2  freertos.o(.data)
    warming_flag                             0x200002f8   Data           1  freertos.o(.data)
    power_supply_warning_lo                  0x200002fc   Data           4  freertos.o(.data)
    power_supply_warning_hi                  0x20000300   Data           4  freertos.o(.data)
    button_left                              0x20000304   Data           1  freertos.o(.data)
    button_right                             0x20000305   Data           1  freertos.o(.data)
    button_up                                0x20000306   Data           1  freertos.o(.data)
    button_down                              0x20000307   Data           1  freertos.o(.data)
    button_center                            0x20000308   Data           2  freertos.o(.data)
    button_left_pressed_in                   0x2000030a   Data           1  freertos.o(.data)
    button_right_pressed_in                  0x2000030b   Data           1  freertos.o(.data)
    button_up_pressed_in                     0x2000030c   Data           1  freertos.o(.data)
    button_down_pressed_in                   0x2000030d   Data           1  freertos.o(.data)
    button_center_pressed_in_short           0x2000030e   Data           1  freertos.o(.data)
    button_center_pressed_in_long            0x2000030f   Data           1  freertos.o(.data)
    menu_index                               0x20000310   Data           2  freertos.o(.data)
    menu_index_pointer                       0x20000312   Data           2  freertos.o(.data)
    menu_vertical                            0x20000314   Data           2  freertos.o(.data)
    menu_horizontal                          0x20000316   Data           2  freertos.o(.data)
    baud_rate_uart_1                         0x20000318   Data           4  freertos.o(.data)
    baud_rate_uart_2                         0x2000031c   Data           4  freertos.o(.data)
    baud_rate_uart_3                         0x20000320   Data           4  freertos.o(.data)
    bootloader_state                         0x20000324   Data           1  freertos.o(.data)
    trigger_event_attribute                  0x20000326   Data           2  freertos.o(.data)
    trigger_485_mode_2                       0x20000328   Data           4  freertos.o(.data)
    channel_ICP_ON                           0x2000032c   Data           2  freertos.o(.data)
    channel_4_20_ON                          0x2000032e   Data           2  freertos.o(.data)
    channel_485_ON                           0x20000330   Data           2  freertos.o(.data)
    temp_var_1                               0x20000334   Data           4  freertos.o(.data)
    temp_var_2                               0x20000338   Data           4  freertos.o(.data)
    temp_str                                 0x2000033c   Data           1  freertos.o(.data)
    menu_edit_mode                           0x2000033d   Data           1  freertos.o(.data)
    digit_rank                               0x2000033e   Data           1  freertos.o(.data)
    fractpart                                0x20000340   Data           4  freertos.o(.data)
    temp_stat_1                              0x20000344   Data           1  freertos.o(.data)
    temp_stat_2                              0x20000348   Data           4  freertos.o(.data)
    horizont_menu_lenght                     0x2000034c   Data           1  freertos.o(.data)
    vertical_menu_lenght                     0x2000034d   Data           1  freertos.o(.data)
    intpart                                  0x20000350   Data           8  freertos.o(.data)
    config_mode                              0x20000358   Data           1  freertos.o(.data)
    number_of_items_in_the_menu              0x2000035a   Data           2  freertos.o(.data)
    iter                                     0x2000035c   Data           1  freertos.o(.data)
    icp_home_screen_option                   0x2000035d   Data           1  freertos.o(.data)
    reset_to_default                         0x2000035e   Data           2  freertos.o(.data)
    icp_menu_points_for_showing              0x20000360   Data           2  freertos.o(.data)
    menu_485_points_for_showing              0x20000362   Data           2  freertos.o(.data)
    menu_edit_settings_mode                  0x20000364   Data           1  freertos.o(.data)
    integrator_summa_V                       0x20000368   Data           8  freertos.o(.data)
    integrator_summa_D                       0x20000370   Data           8  freertos.o(.data)
    old_turnover_front                       0x20000378   Data           1  freertos.o(.data)
    queue_TOC                                0x2000037c   Data           4  freertos.o(.data)
    queue_count_TOC                          0x20000380   Data           2  freertos.o(.data)
    turnover_count_1s                        0x20000384   Data           4  freertos.o(.data)
    turnover_count_60s                       0x20000388   Data           4  freertos.o(.data)
    pass_count                               0x2000038c   Data           2  freertos.o(.data)
    turnover_front                           0x2000038e   Data           1  freertos.o(.data)
    big_points_counter                       0x20000390   Data           8  freertos.o(.data)
    small_points_counter                     0x20000398   Data           8  freertos.o(.data)
    difference_points_counter                0x200003a0   Data           8  freertos.o(.data)
    common_level_TOC                         0x200003a8   Data           4  freertos.o(.data)
    mean_level_TOC                           0x200003ac   Data           4  freertos.o(.data)
    level_summa_TOC                          0x200003b0   Data           4  freertos.o(.data)
    summa_iter                               0x200003b4   Data           2  freertos.o(.data)
    impulse_sign                             0x200003b6   Data           2  freertos.o(.data)
    hysteresis_TOC                           0x200003b8   Data           2  freertos.o(.data)
    QUEUE_LENGHT                             0x200003ba   Data           1  freertos.o(.data)
    quit_relay_button                        0x200003bb   Data           1  freertos.o(.data)
    disable_up_down_button                   0x200003bc   Data           1  freertos.o(.data)
    disable_left_right_button                0x200003bd   Data           1  freertos.o(.data)
    adc_bunch                                0x200003be   Data           1  freertos.o(.data)
    bunch_count_1                            0x200003c0   Data           2  freertos.o(.data)
    bunch_count_2                            0x200003c2   Data           2  freertos.o(.data)
    byte_size                                0x200003c4   Data           4  freertos.o(.data)
    crc_data                                 0x200003c8   Data           2  freertos.o(.data)
    byte_bunch                               0x200003ca   Data           2  freertos.o(.data)
    byte_counter                             0x200003cc   Data           4  freertos.o(.data)
    crc_flash                                0x200003d0   Data           2  freertos.o(.data)
    data                                     0x200003d8   Data           8  freertos.o(.data)
    error_crc                                0x200003e0   Data           1  freertos.o(.data)
    worker_status                            0x200003e1   Data           1  freertos.o(.data)
    status                                   0x200003e2   Data           1  freertos.o(.data)
    status1                                  0x200003e3   Data           1  freertos.o(.data)
    status2                                  0x200003e4   Data           1  freertos.o(.data)
    status3                                  0x200003e5   Data           1  freertos.o(.data)
    size_moving_average_ZSK                  0x200003e6   Data           2  freertos.o(.data)
    average_result                           0x200003e8   Data           4  freertos.o(.data)
    event_bit_flag1                          0x200003ec   Data           1  freertos.o(.data)
    event_bit_flag2                          0x200003ed   Data           1  freertos.o(.data)
    defaultTaskHandle                        0x200003f0   Data           4  freertos.o(.data)
    myTask02Handle                           0x200003f4   Data           4  freertos.o(.data)
    myTask03Handle                           0x200003f8   Data           4  freertos.o(.data)
    myTask04Handle                           0x200003fc   Data           4  freertos.o(.data)
    myTask05Handle                           0x20000400   Data           4  freertos.o(.data)
    myTask06Handle                           0x20000404   Data           4  freertos.o(.data)
    myTask07Handle                           0x20000408   Data           4  freertos.o(.data)
    myTask08Handle                           0x2000040c   Data           4  freertos.o(.data)
    myTask09Handle                           0x20000410   Data           4  freertos.o(.data)
    myTask10Handle                           0x20000414   Data           4  freertos.o(.data)
    myTask11Handle                           0x20000418   Data           4  freertos.o(.data)
    myTask12Handle                           0x2000041c   Data           4  freertos.o(.data)
    myTask13Handle                           0x20000420   Data           4  freertos.o(.data)
    myTask14Handle                           0x20000424   Data           4  freertos.o(.data)
    myTask15Handle                           0x20000428   Data           4  freertos.o(.data)
    myTask16Handle                           0x2000042c   Data           4  freertos.o(.data)
    myTask17Handle                           0x20000430   Data           4  freertos.o(.data)
    myTask18Handle                           0x20000434   Data           4  freertos.o(.data)
    myTask19Handle                           0x20000438   Data           4  freertos.o(.data)
    myTask20Handle                           0x2000043c   Data           4  freertos.o(.data)
    myTask21Handle                           0x20000440   Data           4  freertos.o(.data)
    myTask22Handle                           0x20000444   Data           4  freertos.o(.data)
    myTask23Handle                           0x20000448   Data           4  freertos.o(.data)
    myTask24Handle                           0x2000044c   Data           4  freertos.o(.data)
    myTask25Handle                           0x20000450   Data           4  freertos.o(.data)
    myTask26Handle                           0x20000454   Data           4  freertos.o(.data)
    uwTick                                   0x20000534   Data           4  stm32l4xx_hal.o(.data)
    pFlash                                   0x20000538   Data          32  stm32l4xx_hal_flash.o(.data)
    SystemCoreClock                          0x20000558   Data           4  system_stm32l4xx.o(.data)
    pxCurrentTCB                             0x20000580   Data           4  tasks.o(.data)
    hadc1                                    0x20000744   Data         104  adc.o(.bss)
    hdma_adc1                                0x200007ac   Data          72  adc.o(.bss)
    hdac1                                    0x200007f4   Data          20  dac.o(.bss)
    raw_adc_value                            0x20000808   Data        2048  freertos.o(.bss)
    float_adc_value_ICP                      0x20001008   Data        1024  freertos.o(.bss)
    float_adc_value_4_20                     0x20001408   Data        1024  freertos.o(.bss)
    float_adc_value_ICP_64_1                 0x20001808   Data         256  freertos.o(.bss)
    filter_main_high_icp                     0x20001908   Data          12  freertos.o(.bss)
    pStates_main_high_icp                    0x20001914   Data          32  freertos.o(.bss)
    filter_main_low_icp                      0x20001934   Data          12  freertos.o(.bss)
    pStates_main_low_icp                     0x20001940   Data          32  freertos.o(.bss)
    filter_main_low_icp_2                    0x20001960   Data          12  freertos.o(.bss)
    pStates_main_low_icp_2                   0x2000196c   Data          32  freertos.o(.bss)
    filter_instance_highpass_1_icp           0x2000198c   Data          12  freertos.o(.bss)
    pStates_highpass_1_icp                   0x20001998   Data          32  freertos.o(.bss)
    filter_instance_highpass_2_icp           0x200019b8   Data          12  freertos.o(.bss)
    pStates_highpass_2_icp                   0x200019c4   Data          32  freertos.o(.bss)
    filter_main_low_4_20                     0x200019e4   Data          12  freertos.o(.bss)
    pStates_main_low_4_20                    0x200019f0   Data          32  freertos.o(.bss)
    filter_main_high_4_20                    0x20001a10   Data          12  freertos.o(.bss)
    pStates_main_high_4_20                   0x20001a1c   Data          32  freertos.o(.bss)
    settings                                 0x20001a3c   Data        1888  freertos.o(.bss)
    mirror_values                            0x2000219c   Data         160  freertos.o(.bss)
    bit_field                                0x2000223c   Data          80  freertos.o(.bss)
    transmitBuffer                           0x2000228c   Data        1893  freertos.o(.bss)
    receiveBuffer                            0x200029f1   Data         256  freertos.o(.bss)
    boot_receiveBuffer                       0x20002af1   Data         128  freertos.o(.bss)
    master_receiveBuffer                     0x20002b71   Data         256  freertos.o(.bss)
    HART_receiveBuffer                       0x20002c71   Data          16  freertos.o(.bss)
    TBUS_transmitBuffer                      0x20002c81   Data        1893  freertos.o(.bss)
    TBUS_receiveBuffer                       0x200033e6   Data         256  freertos.o(.bss)
    master_array                             0x200034e8   Data        1600  freertos.o(.bss)
    master_receive_buffer                    0x20003b28   Data           9  freertos.o(.bss)
    ZSK_trigger_array                        0x20003b38   Data         256  freertos.o(.bss)
    ZSK_trigger_array_previous               0x20003c38   Data         256  freertos.o(.bss)
    menu_index_array                         0x20003d38   Data          14  freertos.o(.bss)
    buffer                                   0x20003d46   Data          64  freertos.o(.bss)
    turnover_summa                           0x20003d88   Data         400  freertos.o(.bss)
    master_delay_relay_array                 0x20003f18   Data         240  freertos.o(.bss)
    zsk_average_array                        0x20004008   Data         128  freertos.o(.bss)
    reg_lost_packet                          0x20004088   Data          80  freertos.o(.bss)
    hiwdg                                    0x200040d8   Data          16  iwdg.o(.bss)
    hspi3                                    0x200040e8   Data         100  spi.o(.bss)
    htim2                                    0x2000414c   Data          64  tim.o(.bss)
    htim6                                    0x2000418c   Data          64  tim.o(.bss)
    htim7                                    0x200041cc   Data          64  tim.o(.bss)
    huart5                                   0x2000420c   Data         120  usart.o(.bss)
    huart1                                   0x20004284   Data         120  usart.o(.bss)
    huart2                                   0x200042fc   Data         120  usart.o(.bss)
    huart3                                   0x20004374   Data         120  usart.o(.bss)
    hdma_uart5_rx                            0x200043ec   Data          72  usart.o(.bss)
    hdma_uart5_tx                            0x20004434   Data          72  usart.o(.bss)
    hdma_usart1_rx                           0x2000447c   Data          72  usart.o(.bss)
    hdma_usart1_tx                           0x200044c4   Data          72  usart.o(.bss)
    hdma_usart2_rx                           0x2000450c   Data          72  usart.o(.bss)
    hdma_usart2_tx                           0x20004554   Data          72  usart.o(.bss)
    hdma_usart3_rx                           0x2000459c   Data          72  usart.o(.bss)
    hdma_usart3_tx                           0x200045e4   Data          72  usart.o(.bss)
    htim1                                    0x2000462c   Data          64  stm32l4xx_hal_timebase_tim.o(.bss)
    __initial_sp                             0x20018b60   Data           0  startup_stm32l496xx.o(STACK)



==============================================================================

Memory Map of the image

  Image Entry point : 0x080101ad

  Load Region LR_IROM1 (Base: 0x08010000, Size: 0x0001b518, Max: 0x00100000, ABSOLUTE, COMPRESSED[0x0001b048])

    Execution Region ER_IROM1 (Base: 0x08010000, Size: 0x0001af54, Max: 0x00100000, ABSOLUTE)

    Base Addr    Size         Type   Attr      Idx    E Section Name        Object

    0x08010000   0x000001ac   Data   RO            3    RESET               startup_stm32l496xx.o
    0x080101ac   0x00000000   Code   RO         7719  * .ARM.Collect$$$$00000000  mc_w.l(entry.o)
    0x080101ac   0x00000004   Code   RO         8013    .ARM.Collect$$$$00000001  mc_w.l(entry2.o)
    0x080101b0   0x00000004   Code   RO         8016    .ARM.Collect$$$$00000004  mc_w.l(entry5.o)
    0x080101b4   0x00000000   Code   RO         8018    .ARM.Collect$$$$00000008  mc_w.l(entry7b.o)
    0x080101b4   0x00000000   Code   RO         8020    .ARM.Collect$$$$0000000A  mc_w.l(entry8b.o)
    0x080101b4   0x00000008   Code   RO         8021    .ARM.Collect$$$$0000000B  mc_w.l(entry9a.o)
    0x080101bc   0x00000000   Code   RO         8023    .ARM.Collect$$$$0000000D  mc_w.l(entry10a.o)
    0x080101bc   0x00000000   Code   RO         8025    .ARM.Collect$$$$0000000F  mc_w.l(entry11a.o)
    0x080101bc   0x00000004   Code   RO         8014    .ARM.Collect$$$$00002712  mc_w.l(entry2.o)
    0x080101c0   0x000000be   Code   RO         6528    .emb_text           port.o
    0x0801027e   0x00000002   PAD
    0x08010280   0x00000024   Code   RO            4    .text               startup_stm32l496xx.o
    0x080102a4   0x00000062   Code   RO         7722    .text               mc_w.l(uldiv.o)
    0x08010306   0x00000024   Code   RO         7724    .text               mc_w.l(memcpya.o)
    0x0801032a   0x00000024   Code   RO         7728    .text               mc_w.l(memseta.o)
    0x0801034e   0x00000018   Code   RO         7730    .text               mc_w.l(strncpy.o)
    0x08010366   0x0000014e   Code   RO         7995    .text               mf_w.l(dadd.o)
    0x080104b4   0x000000e4   Code   RO         7997    .text               mf_w.l(dmul.o)
    0x08010598   0x000000de   Code   RO         7999    .text               mf_w.l(ddiv.o)
    0x08010676   0x0000001c   Code   RO         8001    .text               mf_w.l(ffltul.o)
    0x08010692   0x00000018   Code   RO         8003    .text               mf_w.l(dfltul.o)
    0x080106aa   0x00000026   Code   RO         8005    .text               mf_w.l(f2d.o)
    0x080106d0   0x00000030   Code   RO         8007    .text               mf_w.l(cdcmple.o)
    0x08010700   0x00000030   Code   RO         8009    .text               mf_w.l(cdrcmple.o)
    0x08010730   0x00000038   Code   RO         8011    .text               mf_w.l(d2f.o)
    0x08010768   0x0000002c   Code   RO         8030    .text               mc_w.l(uidiv.o)
    0x08010794   0x0000001e   Code   RO         8032    .text               mc_w.l(llshl.o)
    0x080107b2   0x00000020   Code   RO         8034    .text               mc_w.l(llushr.o)
    0x080107d2   0x00000024   Code   RO         8036    .text               mc_w.l(llsshr.o)
    0x080107f6   0x00000000   Code   RO         8038    .text               mc_w.l(iusefp.o)
    0x080107f6   0x0000006e   Code   RO         8039    .text               mf_w.l(fepilogue.o)
    0x08010864   0x0000003c   Code   RO         8041    .text               mf_w.l(frnd.o)
    0x080108a0   0x000000ba   Code   RO         8043    .text               mf_w.l(depilogue.o)
    0x0801095a   0x00000030   Code   RO         8045    .text               mf_w.l(dfixul.o)
    0x0801098a   0x00000002   PAD
    0x0801098c   0x00000024   Code   RO         8047    .text               mc_w.l(init.o)
    0x080109b0   0x00000056   Code   RO         8059    .text               mc_w.l(__dczerorl2.o)
    0x08010a06   0x00000002   PAD
    0x08010a08   0x00000114   Code   RO         2021    i.ADC_ConversionStop  stm32l4xx_hal_adc.o
    0x08010b1c   0x00000092   Code   RO         2022    i.ADC_DMAConvCplt   stm32l4xx_hal_adc.o
    0x08010bae   0x0000001e   Code   RO         2023    i.ADC_DMAError      stm32l4xx_hal_adc.o
    0x08010bcc   0x0000000e   Code   RO         2024    i.ADC_DMAHalfConvCplt  stm32l4xx_hal_adc.o
    0x08010bda   0x00000002   PAD
    0x08010bdc   0x00000088   Code   RO         2025    i.ADC_Disable       stm32l4xx_hal_adc.o
    0x08010c64   0x00000078   Code   RO         2026    i.ADC_Enable        stm32l4xx_hal_adc.o
    0x08010cdc   0x00000094   Code   RO         1285    i.ADC_supply_voltage  freertos.o
    0x08010d70   0x000003dc   Code   RO         1286    i.Acceleration_Task  freertos.o
    0x0801114c   0x00000004   Code   RO         1799    i.BusFault_Handler  stm32l4xx_it.o
    0x08011150   0x00000200   Code   RO         1287    i.Button_Task       freertos.o
    0x08011350   0x0000029c   Code   RO         1288    i.DAC_Task          freertos.o
    0x080115ec   0x00000010   Code   RO         1800    i.DMA1_Channel1_IRQHandler  stm32l4xx_it.o
    0x080115fc   0x00000010   Code   RO         1801    i.DMA1_Channel2_IRQHandler  stm32l4xx_it.o
    0x0801160c   0x00000010   Code   RO         1802    i.DMA1_Channel3_IRQHandler  stm32l4xx_it.o
    0x0801161c   0x00000010   Code   RO         1803    i.DMA1_Channel4_IRQHandler  stm32l4xx_it.o
    0x0801162c   0x00000010   Code   RO         1804    i.DMA1_Channel5_IRQHandler  stm32l4xx_it.o
    0x0801163c   0x00000010   Code   RO         1805    i.DMA1_Channel6_IRQHandler  stm32l4xx_it.o
    0x0801164c   0x00000010   Code   RO         1806    i.DMA1_Channel7_IRQHandler  stm32l4xx_it.o
    0x0801165c   0x00000010   Code   RO         1807    i.DMA2_Channel1_IRQHandler  stm32l4xx_it.o
    0x0801166c   0x00000010   Code   RO         1808    i.DMA2_Channel2_IRQHandler  stm32l4xx_it.o
    0x0801167c   0x00000030   Code   RO         5811    i.DMA_SetConfig     stm32l4xx_hal_dma.o
    0x080116ac   0x00000a3c   Code   RO         1289    i.Data_Storage_Task  freertos.o
    0x080120e8   0x00000002   Code   RO         1809    i.DebugMon_Handler  stm32l4xx_it.o
    0x080120ea   0x00000002   PAD
    0x080120ec   0x000001c0   Code   RO         1290    i.Displacement_Task  freertos.o
    0x080122ac   0x00003fbc   Code   RO         1291    i.Display_Task      freertos.o
    0x08016268   0x00000074   Code   RO         1292    i.Erase_Bootloader_Task  freertos.o
    0x080162dc   0x0000006c   Code   RO         5614    i.FLASH_FlushCaches  stm32l4xx_hal_flash_ex.o
    0x08016348   0x00000038   Code   RO         5615    i.FLASH_MassErase   stm32l4xx_hal_flash_ex.o
    0x08016380   0x00000048   Code   RO         5624    i.FLASH_PageErase   stm32l4xx_hal_flash_ex.o
    0x080163c8   0x00000018   Code   RO         5511    i.FLASH_Program_DoubleWord  stm32l4xx_hal_flash.o
    0x080163e0   0x00000030   Code   RO         5512    i.FLASH_Program_Fast  stm32l4xx_hal_flash.o
    0x08016410   0x00000098   Code   RO         5513    i.FLASH_WaitForLastOperation  stm32l4xx_hal_flash.o
    0x080164a8   0x00000138   Code   RO         1293    i.FilterInit        freertos.o
    0x080165e0   0x00000016   Code   RO          587    i.GetRunIdle        task_manager.o
    0x080165f6   0x00000002   PAD
    0x080165f8   0x000005d4   Code   RO         2298    i.HAL_ADCEx_InjectedConfigChannel  stm32l4xx_hal_adc_ex.o
    0x08016bcc   0x0000003e   Code   RO         2300    i.HAL_ADCEx_InjectedGetValue  stm32l4xx_hal_adc_ex.o
    0x08016c0a   0x00000002   PAD
    0x08016c0c   0x00000138   Code   RO         2301    i.HAL_ADCEx_InjectedPollForConversion  stm32l4xx_hal_adc_ex.o
    0x08016d44   0x00000108   Code   RO         2303    i.HAL_ADCEx_InjectedStart  stm32l4xx_hal_adc_ex.o
    0x08016e4c   0x0000005c   Code   RO         2305    i.HAL_ADCEx_InjectedStop  stm32l4xx_hal_adc_ex.o
    0x08016ea8   0x00000120   Code   RO         2309    i.HAL_ADCEx_MultiModeConfigChannel  stm32l4xx_hal_adc_ex.o
    0x08016fc8   0x000004fc   Code   RO         2028    i.HAL_ADC_ConfigChannel  stm32l4xx_hal_adc.o
    0x080174c4   0x00000050   Code   RO         1037    i.HAL_ADC_ConvCpltCallback  main.o
    0x08017514   0x00000050   Code   RO         1038    i.HAL_ADC_ConvHalfCpltCallback  main.o
    0x08017564   0x00000002   Code   RO         2032    i.HAL_ADC_ErrorCallback  stm32l4xx_hal_adc.o
    0x08017566   0x00000002   PAD
    0x08017568   0x0000021c   Code   RO         2037    i.HAL_ADC_Init      stm32l4xx_hal_adc.o
    0x08017784   0x000000a4   Code   RO         1178    i.HAL_ADC_MspInit   adc.o
    0x08017828   0x00000114   Code   RO         2044    i.HAL_ADC_Start_DMA  stm32l4xx_hal_adc.o
    0x0801793c   0x00000002   Code   RO         2669    i.HAL_DACEx_DMAUnderrunCallbackCh2  stm32l4xx_hal_dac_ex.o
    0x0801793e   0x0000018e   Code   RO         2526    i.HAL_DAC_ConfigChannel  stm32l4xx_hal_dac.o
    0x08017acc   0x00000002   Code   RO         2529    i.HAL_DAC_DMAUnderrunCallbackCh1  stm32l4xx_hal_dac.o
    0x08017ace   0x0000008a   Code   RO         2535    i.HAL_DAC_IRQHandler  stm32l4xx_hal_dac.o
    0x08017b58   0x00000028   Code   RO         2536    i.HAL_DAC_Init      stm32l4xx_hal_dac.o
    0x08017b80   0x0000005c   Code   RO         1220    i.HAL_DAC_MspInit   dac.o
    0x08017bdc   0x0000002c   Code   RO         2539    i.HAL_DAC_SetValue  stm32l4xx_hal_dac.o
    0x08017c08   0x00000072   Code   RO         2540    i.HAL_DAC_Start     stm32l4xx_hal_dac.o
    0x08017c7a   0x00000046   Code   RO         5812    i.HAL_DMA_Abort     stm32l4xx_hal_dma.o
    0x08017cc0   0x0000005c   Code   RO         5813    i.HAL_DMA_Abort_IT  stm32l4xx_hal_dma.o
    0x08017d1c   0x000000fe   Code   RO         5817    i.HAL_DMA_IRQHandler  stm32l4xx_hal_dma.o
    0x08017e1a   0x00000002   PAD
    0x08017e1c   0x0000010c   Code   RO         5818    i.HAL_DMA_Init      stm32l4xx_hal_dma.o
    0x08017f28   0x0000009c   Code   RO         5822    i.HAL_DMA_Start_IT  stm32l4xx_hal_dma.o
    0x08017fc4   0x0000003c   Code   RO         4494    i.HAL_DeInit        stm32l4xx_hal.o
    0x08018000   0x00000020   Code   RO         4495    i.HAL_Delay         stm32l4xx_hal.o
    0x08018020   0x00000110   Code   RO         5625    i.HAL_FLASHEx_Erase  stm32l4xx_hal_flash_ex.o
    0x08018130   0x00000014   Code   RO         5517    i.HAL_FLASH_Lock    stm32l4xx_hal_flash.o
    0x08018144   0x000000c0   Code   RO         5522    i.HAL_FLASH_Program  stm32l4xx_hal_flash.o
    0x08018204   0x00000030   Code   RO         5524    i.HAL_FLASH_Unlock  stm32l4xx_hal_flash.o
    0x08018234   0x000001f4   Code   RO         5748    i.HAL_GPIO_Init     stm32l4xx_hal_gpio.o
    0x08018428   0x00000010   Code   RO         5750    i.HAL_GPIO_ReadPin  stm32l4xx_hal_gpio.o
    0x08018438   0x00000008   Code   RO         5751    i.HAL_GPIO_TogglePin  stm32l4xx_hal_gpio.o
    0x08018440   0x0000000a   Code   RO         5752    i.HAL_GPIO_WritePin  stm32l4xx_hal_gpio.o
    0x0801844a   0x00000002   PAD
    0x0801844c   0x0000000c   Code   RO         4499    i.HAL_GetTick       stm32l4xx_hal.o
    0x08018458   0x00000062   Code   RO         2766    i.HAL_IWDG_Init     stm32l4xx_hal_iwdg.o
    0x080184ba   0x0000000e   Code   RO         2767    i.HAL_IWDG_Refresh  stm32l4xx_hal_iwdg.o
    0x080184c8   0x00000010   Code   RO         4503    i.HAL_IncTick       stm32l4xx_hal.o
    0x080184d8   0x0000001e   Code   RO         4504    i.HAL_Init          stm32l4xx_hal.o
    0x080184f6   0x00000002   PAD
    0x080184f8   0x00000088   Code   RO         1981    i.HAL_InitTick      stm32l4xx_hal_timebase_tim.o
    0x08018580   0x00000002   Code   RO         4506    i.HAL_MspDeInit     stm32l4xx_hal.o
    0x08018582   0x00000002   PAD
    0x08018584   0x00000090   Code   RO         1957    i.HAL_MspInit       stm32l4xx_hal_msp.o
    0x08018614   0x0000001a   Code   RO         6289    i.HAL_NVIC_EnableIRQ  stm32l4xx_hal_cortex.o
    0x0801862e   0x0000007c   Code   RO         6295    i.HAL_NVIC_SetPriority  stm32l4xx_hal_cortex.o
    0x080186aa   0x00000002   PAD
    0x080186ac   0x00000028   Code   RO         6296    i.HAL_NVIC_SetPriorityGrouping  stm32l4xx_hal_cortex.o
    0x080186d4   0x0000008c   Code   RO         6039    i.HAL_PWREx_ControlVoltageScaling  stm32l4xx_hal_pwr_ex.o
    0x08018760   0x00000010   Code   RO         6070    i.HAL_PWREx_GetVoltageRange  stm32l4xx_hal_pwr_ex.o
    0x08018770   0x000004f8   Code   RO         5340    i.HAL_RCCEx_PeriphCLKConfig  stm32l4xx_hal_rcc_ex.o
    0x08018c68   0x00000178   Code   RO         5216    i.HAL_RCC_ClockConfig  stm32l4xx_hal_rcc.o
    0x08018de0   0x00000044   Code   RO         5219    i.HAL_RCC_GetClockConfig  stm32l4xx_hal_rcc.o
    0x08018e24   0x0000000c   Code   RO         5220    i.HAL_RCC_GetHCLKFreq  stm32l4xx_hal_rcc.o
    0x08018e30   0x00000024   Code   RO         5222    i.HAL_RCC_GetPCLK1Freq  stm32l4xx_hal_rcc.o
    0x08018e54   0x00000024   Code   RO         5223    i.HAL_RCC_GetPCLK2Freq  stm32l4xx_hal_rcc.o
    0x08018e78   0x00000118   Code   RO         5224    i.HAL_RCC_GetSysClockFreq  stm32l4xx_hal_rcc.o
    0x08018f90   0x0000005c   Code   RO         5225    i.HAL_RCC_MCOConfig  stm32l4xx_hal_rcc.o
    0x08018fec   0x00000688   Code   RO         5227    i.HAL_RCC_OscConfig  stm32l4xx_hal_rcc.o
    0x08019674   0x0000009c   Code   RO         4418    i.HAL_RS485Ex_Init  stm32l4xx_hal_uart_ex.o
    0x08019710   0x000000c0   Code   RO         2807    i.HAL_SPI_Init      stm32l4xx_hal_spi.o
    0x080197d0   0x00000078   Code   RO         1643    i.HAL_SPI_MspInit   spi.o
    0x08019848   0x000001de   Code   RO         2815    i.HAL_SPI_Transmit  stm32l4xx_hal_spi.o
    0x08019a26   0x00000028   Code   RO         6298    i.HAL_SYSTICK_CLKSourceConfig  stm32l4xx_hal_cortex.o
    0x08019a4e   0x00000034   Code   RO         6300    i.HAL_SYSTICK_Config  stm32l4xx_hal_cortex.o
    0x08019a82   0x00000002   Code   RO         3799    i.HAL_TIMEx_Break2Callback  stm32l4xx_hal_tim_ex.o
    0x08019a84   0x00000002   Code   RO         3800    i.HAL_TIMEx_BreakCallback  stm32l4xx_hal_tim_ex.o
    0x08019a86   0x00000002   Code   RO         3801    i.HAL_TIMEx_CommutationCallback  stm32l4xx_hal_tim_ex.o
    0x08019a88   0x00000078   Code   RO         3819    i.HAL_TIMEx_MasterConfigSynchronization  stm32l4xx_hal_tim_ex.o
    0x08019b00   0x00000034   Code   RO         3149    i.HAL_TIM_Base_Init  stm32l4xx_hal_tim.o
    0x08019b34   0x000000a0   Code   RO         1685    i.HAL_TIM_Base_MspInit  tim.o
    0x08019bd4   0x00000044   Code   RO         3152    i.HAL_TIM_Base_Start  stm32l4xx_hal_tim.o
    0x08019c18   0x00000044   Code   RO         3154    i.HAL_TIM_Base_Start_IT  stm32l4xx_hal_tim.o
    0x08019c5c   0x00000120   Code   RO         3158    i.HAL_TIM_ConfigClockSource  stm32l4xx_hal_tim.o
    0x08019d7c   0x00000002   Code   RO         3178    i.HAL_TIM_IC_CaptureCallback  stm32l4xx_hal_tim.o
    0x08019d7e   0x000001b8   Code   RO         3191    i.HAL_TIM_IRQHandler  stm32l4xx_hal_tim.o
    0x08019f36   0x00000002   Code   RO         3194    i.HAL_TIM_OC_DelayElapsedCallback  stm32l4xx_hal_tim.o
    0x08019f38   0x00000002   Code   RO         3221    i.HAL_TIM_PWM_PulseFinishedCallback  stm32l4xx_hal_tim.o
    0x08019f3a   0x00000002   PAD
    0x08019f3c   0x00000408   Code   RO         1039    i.HAL_TIM_PeriodElapsedCallback  main.o
    0x0801a344   0x00000002   Code   RO         3232    i.HAL_TIM_TriggerCallback  stm32l4xx_hal_tim.o
    0x0801a346   0x00000002   Code   RO         4424    i.HAL_UARTEx_WakeupCallback  stm32l4xx_hal_uart_ex.o
    0x0801a348   0x00000068   Code   RO         4076    i.HAL_UART_DMAStop  stm32l4xx_hal_uart.o
    0x0801a3b0   0x00000002   Code   RO         4078    i.HAL_UART_ErrorCallback  stm32l4xx_hal_uart.o
    0x0801a3b2   0x00000002   PAD
    0x0801a3b4   0x0000018c   Code   RO         4081    i.HAL_UART_IRQHandler  stm32l4xx_hal_uart.o
    0x0801a540   0x000003f0   Code   RO         1739    i.HAL_UART_MspInit  usart.o
    0x0801a930   0x000000a8   Code   RO         4086    i.HAL_UART_Receive_DMA  stm32l4xx_hal_uart.o
    0x0801a9d8   0x00000002   Code   RO         4088    i.HAL_UART_RxCpltCallback  stm32l4xx_hal_uart.o
    0x0801a9da   0x00000002   Code   RO         4089    i.HAL_UART_RxHalfCpltCallback  stm32l4xx_hal_uart.o
    0x0801a9dc   0x0000009c   Code   RO         4091    i.HAL_UART_Transmit_DMA  stm32l4xx_hal_uart.o
    0x0801aa78   0x00000002   Code   RO         4093    i.HAL_UART_TxCpltCallback  stm32l4xx_hal_uart.o
    0x0801aa7a   0x00000002   Code   RO         4094    i.HAL_UART_TxHalfCpltCallback  stm32l4xx_hal_uart.o
    0x0801aa7c   0x000000a8   Code   RO         1294    i.HART_Receive_Task  freertos.o
    0x0801ab24   0x00000078   Code   RO         1295    i.HART_Transmit_Task  freertos.o
    0x0801ab9c   0x00000004   Code   RO         1810    i.HardFault_Handler  stm32l4xx_it.o
    0x0801aba0   0x0000007c   Code   RO         1296    i.Integrate_D       freertos.o
    0x0801ac1c   0x0000007c   Code   RO         1297    i.Integrate_V       freertos.o
    0x0801ac98   0x00000028   Code   RO         1298    i.JumpToApplication  freertos.o
    0x0801acc0   0x00000010   Code   RO         2050    i.LL_ADC_Enable     stm32l4xx_hal_adc.o
    0x0801acd0   0x0000000a   Code   RO         2051    i.LL_ADC_GetMultimode  stm32l4xx_hal_adc.o
    0x0801acda   0x00000012   Code   RO         2052    i.LL_ADC_GetOffsetChannel  stm32l4xx_hal_adc.o
    0x0801acec   0x00000012   Code   RO         2317    i.LL_ADC_GetOffsetChannel  stm32l4xx_hal_adc_ex.o
    0x0801acfe   0x0000000a   Code   RO         2318    i.LL_ADC_INJ_GetTrigAuto  stm32l4xx_hal_adc_ex.o
    0x0801ad08   0x0000000a   Code   RO         2053    i.LL_ADC_INJ_IsConversionOngoing  stm32l4xx_hal_adc.o
    0x0801ad12   0x0000000a   Code   RO         2319    i.LL_ADC_INJ_IsConversionOngoing  stm32l4xx_hal_adc_ex.o
    0x0801ad1c   0x00000014   Code   RO         2320    i.LL_ADC_INJ_StartConversion  stm32l4xx_hal_adc_ex.o
    0x0801ad30   0x0000000a   Code   RO         2054    i.LL_ADC_IsDisableOngoing  stm32l4xx_hal_adc.o
    0x0801ad3a   0x0000000a   Code   RO         2055    i.LL_ADC_IsEnabled  stm32l4xx_hal_adc.o
    0x0801ad44   0x0000000a   Code   RO         2321    i.LL_ADC_IsEnabled  stm32l4xx_hal_adc_ex.o
    0x0801ad4e   0x0000000a   Code   RO         2056    i.LL_ADC_IsInternalRegulatorEnabled  stm32l4xx_hal_adc.o
    0x0801ad58   0x0000000a   Code   RO         2057    i.LL_ADC_REG_IsConversionOngoing  stm32l4xx_hal_adc.o
    0x0801ad62   0x0000000a   Code   RO         2322    i.LL_ADC_REG_IsConversionOngoing  stm32l4xx_hal_adc_ex.o
    0x0801ad6c   0x00000012   Code   RO         2058    i.LL_ADC_REG_IsTriggerSourceSWStart  stm32l4xx_hal_adc.o
    0x0801ad7e   0x00000002   PAD
    0x0801ad80   0x00000010   Code   RO         2059    i.LL_ADC_REG_StartConversion  stm32l4xx_hal_adc.o
    0x0801ad90   0x00000028   Code   RO         2061    i.LL_ADC_SetChannelSamplingTime  stm32l4xx_hal_adc.o
    0x0801adb8   0x00000028   Code   RO         2323    i.LL_ADC_SetChannelSamplingTime  stm32l4xx_hal_adc_ex.o
    0x0801ade0   0x0000000c   Code   RO         2062    i.LL_ADC_SetCommonPathInternalCh  stm32l4xx_hal_adc.o
    0x0801adec   0x0000000c   Code   RO         2324    i.LL_ADC_SetCommonPathInternalCh  stm32l4xx_hal_adc_ex.o
    0x0801adf8   0x00000016   Code   RO         2063    i.LL_ADC_SetOffsetState  stm32l4xx_hal_adc.o
    0x0801ae0e   0x00000016   Code   RO         2325    i.LL_ADC_SetOffsetState  stm32l4xx_hal_adc_ex.o
    0x0801ae24   0x0000000c   Code   RO         2064    i.LL_ADC_SetSamplingTimeCommonConfig  stm32l4xx_hal_adc.o
    0x0801ae30   0x0000000c   Code   RO         2326    i.LL_ADC_SetSamplingTimeCommonConfig  stm32l4xx_hal_adc_ex.o
    0x0801ae3c   0x00000150   Code   RO         1299    i.Lights_Task       freertos.o
    0x0801af8c   0x0000011c   Code   RO         1179    i.MX_ADC1_Init      adc.o
    0x0801b0a8   0x00000058   Code   RO         1221    i.MX_DAC1_Init      dac.o
    0x0801b100   0x000000d0   Code   RO         1261    i.MX_DMA_Init       dma.o
    0x0801b1d0   0x000007f8   Code   RO         1300    i.MX_FREERTOS_Init  freertos.o
    0x0801b9c8   0x00000164   Code   RO         1153    i.MX_GPIO_Init      gpio.o
    0x0801bb2c   0x00000044   Code   RO         1612    i.MX_IWDG_Init      iwdg.o
    0x0801bb70   0x00000064   Code   RO         1644    i.MX_SPI3_Init      spi.o
    0x0801bbd4   0x00000078   Code   RO         1686    i.MX_TIM2_Init      tim.o
    0x0801bc4c   0x00000060   Code   RO         1687    i.MX_TIM6_Init      tim.o
    0x0801bcac   0x00000060   Code   RO         1688    i.MX_TIM7_Init      tim.o
    0x0801bd0c   0x00000064   Code   RO         1740    i.MX_UART5_Init     usart.o
    0x0801bd70   0x0000006c   Code   RO         1741    i.MX_USART1_UART_Init  usart.o
    0x0801bddc   0x0000006c   Code   RO         1742    i.MX_USART2_UART_Init  usart.o
    0x0801be48   0x0000006c   Code   RO         1743    i.MX_USART3_UART_Init  usart.o
    0x0801beb4   0x000003d4   Code   RO         1301    i.Master_Modbus_Receive  freertos.o
    0x0801c288   0x00000228   Code   RO         1302    i.Master_Modbus_Transmit  freertos.o
    0x0801c4b0   0x00000004   Code   RO         1811    i.MemManage_Handler  stm32l4xx_it.o
    0x0801c4b4   0x00000104   Code   RO         1303    i.Modbus_Receive_Task  freertos.o
    0x0801c5b8   0x00000480   Code   RO         1304    i.Modbus_Transmit_Task  freertos.o
    0x0801ca38   0x00000002   Code   RO         1812    i.NMI_Handler       stm32l4xx_it.o
    0x0801ca3a   0x00000002   PAD
    0x0801ca3c   0x00000010   Code   RO         6302    i.NVIC_GetPriorityGrouping  stm32l4xx_hal_cortex.o
    0x0801ca4c   0x00000028   Code   RO         6303    i.NVIC_SetPriority  stm32l4xx_hal_cortex.o
    0x0801ca74   0x000002e8   Code   RO         1305    i.Q_Average_A       freertos.o
    0x0801cd5c   0x00000124   Code   RO         1306    i.Q_Average_D       freertos.o
    0x0801ce80   0x00000138   Code   RO         1307    i.Q_Average_V       freertos.o
    0x0801cfb8   0x00000188   Code   RO         5344    i.RCCEx_PLLSAI1_Config  stm32l4xx_hal_rcc_ex.o
    0x0801d140   0x00000160   Code   RO         5345    i.RCCEx_PLLSAI2_Config  stm32l4xx_hal_rcc_ex.o
    0x0801d2a0   0x0000009c   Code   RO         5228    i.RCC_SetFlashLatencyFromMSIRange  stm32l4xx_hal_rcc.o
    0x0801d33c   0x0000008c   Code   RO         1308    i.Relay_1_Task      freertos.o
    0x0801d3c8   0x0000008c   Code   RO         1309    i.Relay_2_Task      freertos.o
    0x0801d454   0x00000064   Code   RO         2845    i.SPI_EndRxTxTransaction  stm32l4xx_hal_spi.o
    0x0801d4b8   0x000000aa   Code   RO         2850    i.SPI_WaitFifoStateUntilTimeout  stm32l4xx_hal_spi.o
    0x0801d562   0x000000a8   Code   RO         2851    i.SPI_WaitFlagStateUntilTimeout  stm32l4xx_hal_spi.o
    0x0801d60a   0x00000014   Code   RO         1310    i.StartDefaultTask  freertos.o
    0x0801d61e   0x00000008   Code   RO         1813    i.SysTick_Handler   stm32l4xx_it.o
    0x0801d626   0x00000002   PAD
    0x0801d628   0x00000100   Code   RO         1040    i.SystemClock_Config  main.o
    0x0801d728   0x00000054   Code   RO         6425    i.SystemInit        system_stm32l4xx.o
    0x0801d77c   0x00000058   Code   RO         1311    i.TBUS_Modbus_Receive_Task  freertos.o
    0x0801d7d4   0x00000450   Code   RO         1312    i.TBUS_Modbus_Transmit_Task  freertos.o
    0x0801dc24   0x00000010   Code   RO         1814    i.TIM1_UP_TIM16_IRQHandler  stm32l4xx_it.o
    0x0801dc34   0x00000018   Code   RO         1815    i.TIM6_DAC_IRQHandler  stm32l4xx_it.o
    0x0801dc4c   0x00000010   Code   RO         1816    i.TIM7_IRQHandler   stm32l4xx_it.o
    0x0801dc5c   0x000000cc   Code   RO         3233    i.TIM_Base_SetConfig  stm32l4xx_hal_tim.o
    0x0801dd28   0x00000016   Code   RO         3240    i.TIM_ETR_SetConfig  stm32l4xx_hal_tim.o
    0x0801dd3e   0x00000012   Code   RO         3241    i.TIM_ITRx_SetConfig  stm32l4xx_hal_tim.o
    0x0801dd50   0x00000026   Code   RO         3249    i.TIM_TI1_ConfigInputStage  stm32l4xx_hal_tim.o
    0x0801dd76   0x00000028   Code   RO         3251    i.TIM_TI2_ConfigInputStage  stm32l4xx_hal_tim.o
    0x0801dd9e   0x00000002   PAD
    0x0801dda0   0x00000010   Code   RO          588    i.Task_manager_Init  task_manager.o
    0x0801ddb0   0x00000080   Code   RO          589    i.Task_manager_LoadCPU  task_manager.o
    0x0801de30   0x0000095c   Code   RO         1313    i.TriggerLogic_Task  freertos.o
    0x0801e78c   0x00000070   Code   RO         1817    i.UART5_IRQHandler  stm32l4xx_it.o
    0x0801e7fc   0x000000f8   Code   RO         4095    i.UART_AdvFeatureConfig  stm32l4xx_hal_uart.o
    0x0801e8f4   0x00000074   Code   RO         4096    i.UART_CheckIdleState  stm32l4xx_hal_uart.o
    0x0801e968   0x00000018   Code   RO         4097    i.UART_DMAAbortOnError  stm32l4xx_hal_uart.o
    0x0801e980   0x00000056   Code   RO         4098    i.UART_DMAError     stm32l4xx_hal_uart.o
    0x0801e9d6   0x00000048   Code   RO         4099    i.UART_DMAReceiveCplt  stm32l4xx_hal_uart.o
    0x0801ea1e   0x0000000e   Code   RO         4101    i.UART_DMARxHalfCplt  stm32l4xx_hal_uart.o
    0x0801ea2c   0x00000038   Code   RO         4103    i.UART_DMATransmitCplt  stm32l4xx_hal_uart.o
    0x0801ea64   0x0000000e   Code   RO         4105    i.UART_DMATxHalfCplt  stm32l4xx_hal_uart.o
    0x0801ea72   0x00000024   Code   RO         4107    i.UART_EndRxTransfer  stm32l4xx_hal_uart.o
    0x0801ea96   0x00000022   Code   RO         4108    i.UART_EndTransmit_IT  stm32l4xx_hal_uart.o
    0x0801eab8   0x00000014   Code   RO         4109    i.UART_EndTxTransfer  stm32l4xx_hal_uart.o
    0x0801eacc   0x0000048c   Code   RO         4112    i.UART_SetConfig    stm32l4xx_hal_uart.o
    0x0801ef58   0x0000006c   Code   RO         4115    i.UART_WaitOnFlagUntilTimeout  stm32l4xx_hal_uart.o
    0x0801efc4   0x00000070   Code   RO         1818    i.USART1_IRQHandler  stm32l4xx_it.o
    0x0801f034   0x00000070   Code   RO         1819    i.USART2_IRQHandler  stm32l4xx_it.o
    0x0801f0a4   0x00000070   Code   RO         1820    i.USART3_IRQHandler  stm32l4xx_it.o
    0x0801f114   0x0000024c   Code   RO         1314    i.Update_Bootloader_Task  freertos.o
    0x0801f360   0x00000004   Code   RO         1821    i.UsageFault_Handler  stm32l4xx_it.o
    0x0801f364   0x000001d0   Code   RO         1315    i.Velocity_Task     freertos.o
    0x0801f534   0x00000004   Code   RO         1041    i._Error_Handler    main.o
    0x0801f538   0x00000028   Code   RO         7968    i.__0snprintf       mc_w.l(printfa.o)
    0x0801f560   0x000000d0   Code   RO         7709    i.__hardfp_modf     m_wm.l(modf.o)
    0x0801f630   0x0000009a   Code   RO         7715    i.__hardfp_roundf   m_wm.l(roundf.o)
    0x0801f6ca   0x0000000e   Code   RO         8053    i.__scatterload_copy  mc_w.l(handlers.o)
    0x0801f6d8   0x00000002   Code   RO         8054    i.__scatterload_null  mc_w.l(handlers.o)
    0x0801f6da   0x0000000e   Code   RO         8055    i.__scatterload_zeroinit  mc_w.l(handlers.o)
    0x0801f6e8   0x00000164   Code   RO         7974    i._fp_digits        mc_w.l(printfa.o)
    0x0801f84c   0x000006dc   Code   RO         7975    i._printf_core      mc_w.l(printfa.o)
    0x0801ff28   0x00000024   Code   RO         7976    i._printf_post_padding  mc_w.l(printfa.o)
    0x0801ff4c   0x0000002e   Code   RO         7977    i._printf_pre_padding  mc_w.l(printfa.o)
    0x0801ff7a   0x00000016   Code   RO         7978    i._snputc           mc_w.l(printfa.o)
    0x0801ff90   0x00000154   Code   RO          437    i.arm_biquad_cascade_df1_f32  arm_biquad_cascade_df1_f32.o
    0x080200e4   0x0000001e   Code   RO          464    i.arm_biquad_cascade_df1_init_f32  arm_biquad_cascade_df1_init_f32.o
    0x08020102   0x000000ae   Code   RO          488    i.arm_max_f32       arm_max_f32.o
    0x080201b0   0x00000074   Code   RO          512    i.arm_mean_f32      arm_mean_f32.o
    0x08020224   0x000000ae   Code   RO          536    i.arm_min_f32       arm_min_f32.o
    0x080202d2   0x00000002   PAD
    0x080202d4   0x000000b8   Code   RO          560    i.arm_rms_f32       arm_rms_f32.o
    0x0802038c   0x00000040   Code   RO          183    i.check_logo        ssd1306.o
    0x080203cc   0x00000002   Code   RO         1316    i.configureTimerForRunTimeStats  freertos.o
    0x080203ce   0x00000016   Code   RO         1043    i.convert_float_and_swap  main.o
    0x080203e4   0x00000030   Code   RO         1044    i.convert_hex_to_float  main.o
    0x08020414   0x0000002c   Code   RO          330    i.crc16             flash_manager.o
    0x08020440   0x00000238   Code   RO         1317    i.edit_mode         freertos.o
    0x08020678   0x00000138   Code   RO         1318    i.edit_mode_from_list  freertos.o
    0x080207b0   0x000000b0   Code   RO         1319    i.edit_mode_int     freertos.o
    0x08020860   0x00000038   Code   RO          331    i.flash_crc16       flash_manager.o
    0x08020898   0x0000000c   Code   RO          590    i.getRunTimeCounterValue  task_manager.o
    0x080208a4   0x00000114   Code   RO         1322    i.init_menu         freertos.o
    0x080209b8   0x00000040   Code   RO          185    i.logo              ssd1306.o
    0x080209f8   0x000000d8   Code   RO         1046    i.main              main.o
    0x08020ad0   0x0000000e   Code   RO         7345    i.makeFreeRtosPriority  cmsis_os.o
    0x08020ade   0x00000018   Code   RO         7347    i.osDelay           cmsis_os.o
    0x08020af6   0x0000000a   Code   RO         7350    i.osKernelStart     cmsis_os.o
    0x08020b00   0x00000010   Code   RO         7383    i.osSystickHandler  cmsis_os.o
    0x08020b10   0x00000030   Code   RO         7384    i.osThreadCreate    cmsis_os.o
    0x08020b40   0x00000098   Code   RO         7032    i.prvAddCurrentTaskToDelayedList  tasks.o
    0x08020bd8   0x000000b4   Code   RO         7033    i.prvAddNewTaskToReadyList  tasks.o
    0x08020c8c   0x00000048   Code   RO         7034    i.prvCheckTasksWaitingTermination  tasks.o
    0x08020cd4   0x0000002a   Code   RO         6734    i.prvCopyDataFromQueue  queue.o
    0x08020cfe   0x0000007c   Code   RO         6735    i.prvCopyDataToQueue  queue.o
    0x08020d7a   0x00000012   Code   RO         7035    i.prvDeleteTCB      tasks.o
    0x08020d8c   0x00000014   Code   RO         6736    i.prvGetDisinheritPriorityAfterTimeout  queue.o
    0x08020da0   0x0000007c   Code   RO         6458    i.prvHeapInit       heap_4.o
    0x08020e1c   0x0000002c   Code   RO         7036    i.prvIdleTask       tasks.o
    0x08020e48   0x0000001c   Code   RO         6737    i.prvInitialiseMutex  queue.o
    0x08020e64   0x00000026   Code   RO         6738    i.prvInitialiseNewQueue  queue.o
    0x08020e8a   0x000000ac   Code   RO         7037    i.prvInitialiseNewTask  tasks.o
    0x08020f36   0x00000002   PAD
    0x08020f38   0x00000068   Code   RO         7038    i.prvInitialiseTaskLists  tasks.o
    0x08020fa0   0x00000068   Code   RO         6459    i.prvInsertBlockIntoFreeList  heap_4.o
    0x08021008   0x0000001a   Code   RO         6739    i.prvIsQueueEmpty   queue.o
    0x08021022   0x0000001e   Code   RO         6740    i.prvIsQueueFull    queue.o
    0x08021040   0x00000034   Code   RO         7039    i.prvResetNextTaskUnblockTime  tasks.o
    0x08021074   0x00000040   Code   RO         6529    i.prvTaskExitError  port.o
    0x080210b4   0x0000007e   Code   RO         6741    i.prvUnlockQueue    queue.o
    0x08021132   0x00000002   PAD
    0x08021134   0x0000013c   Code   RO         6460    i.pvPortMalloc      heap_4.o
    0x08021270   0x00000020   Code   RO         7041    i.pvTaskIncrementMutexHeldCount  tasks.o
    0x08021290   0x0000002c   Code   RO         6530    i.pxPortInitialiseStack  port.o
    0x080212bc   0x00000006   Code   RO          332    i.read_flash        flash_manager.o
    0x080212c2   0x00000002   PAD
    0x080212c4   0x00000360   Code   RO         1047    i.read_init_settings  main.o
    0x08021624   0x00000078   Code   RO          333    i.read_registers_from_flash  flash_manager.o
    0x0802169c   0x000002a4   Code   RO         1325    i.save_settings     freertos.o
    0x08021940   0x000000a0   Code   RO          187    i.ssd1306_DrawPixel  ssd1306.o
    0x080219e0   0x00000020   Code   RO          188    i.ssd1306_Fill      ssd1306.o
    0x08021a00   0x000000d4   Code   RO          189    i.ssd1306_Init      ssd1306.o
    0x08021ad4   0x0000000c   Code   RO          190    i.ssd1306_SetCursor  ssd1306.o
    0x08021ae0   0x0000005c   Code   RO          191    i.ssd1306_UpdateScreen  ssd1306.o
    0x08021b3c   0x000000a8   Code   RO          192    i.ssd1306_WriteChar  ssd1306.o
    0x08021be4   0x00000048   Code   RO          193    i.ssd1306_WriteCommand  ssd1306.o
    0x08021c2c   0x0000002c   Code   RO          194    i.ssd1306_WriteString  ssd1306.o
    0x08021c58   0x00000048   Code   RO         1326    i.string_scroll     freertos.o
    0x08021ca0   0x00000074   Code   RO         1327    i.string_scroll_with_number  freertos.o
    0x08021d14   0x00000078   Code   RO          195    i.triangle_down     ssd1306.o
    0x08021d8c   0x00000076   Code   RO          196    i.triangle_left     ssd1306.o
    0x08021e02   0x00000078   Code   RO          197    i.triangle_right    ssd1306.o
    0x08021e7a   0x00000076   Code   RO          198    i.triangle_up       ssd1306.o
    0x08021ef0   0x00000274   Code   RO         1328    i.turnover_counter  freertos.o
    0x08022164   0x00000074   Code   RO         7042    i.ulTaskNotifyTake  tasks.o
    0x080221d8   0x00000028   Code   RO         6694    i.uxListRemove      list.o
    0x08022200   0x0000002a   Code   RO         6742    i.uxQueueMessagesWaiting  queue.o
    0x0802222a   0x00000002   PAD
    0x0802222c   0x00000028   Code   RO         1048    i.vApplicationIdleHook  main.o
    0x08022254   0x00000002   Code   RO         1330    i.vApplicationStackOverflowHook  freertos.o
    0x08022256   0x0000001a   Code   RO         6695    i.vListInitialise   list.o
    0x08022270   0x00000006   Code   RO         6696    i.vListInitialiseItem  list.o
    0x08022276   0x00000034   Code   RO         6697    i.vListInsert       list.o
    0x080222aa   0x00000018   Code   RO         6698    i.vListInsertEnd    list.o
    0x080222c2   0x00000002   PAD
    0x080222c4   0x00000054   Code   RO         6532    i.vPortEnterCritical  port.o
    0x08022318   0x0000003c   Code   RO         6533    i.vPortExitCritical  port.o
    0x08022354   0x00000094   Code   RO         6461    i.vPortFree         heap_4.o
    0x080223e8   0x00000028   Code   RO         6534    i.vPortSetupTimerInterrupt  port.o
    0x08022410   0x00000078   Code   RO         6535    i.vPortValidateInterruptPriority  port.o
    0x08022488   0x0000005c   Code   RO         7047    i.vTaskDelay        tasks.o
    0x080224e4   0x00000018   Code   RO         7050    i.vTaskInternalSetTimeOutState  tasks.o
    0x080224fc   0x0000000c   Code   RO         7051    i.vTaskMissedYield  tasks.o
    0x08022508   0x00000038   Code   RO         7053    i.vTaskPlaceOnEventList  tasks.o
    0x08022540   0x000000f4   Code   RO         7055    i.vTaskPriorityDisinheritAfterTimeout  tasks.o
    0x08022634   0x0000008c   Code   RO         7060    i.vTaskStartScheduler  tasks.o
    0x080226c0   0x00000010   Code   RO         7062    i.vTaskSuspendAll   tasks.o
    0x080226d0   0x000000e4   Code   RO         7063    i.vTaskSwitchContext  tasks.o
    0x080227b4   0x00000074   Code   RO          334    i.write_flash       flash_manager.o
    0x08022828   0x00000060   Code   RO          335    i.write_reg_flash   flash_manager.o
    0x08022888   0x00000056   Code   RO          336    i.write_registers_to_flash  flash_manager.o
    0x080228de   0x00000002   PAD
    0x080228e0   0x0000000c   Code   RO         6463    i.xPortGetFreeHeapSize  heap_4.o
    0x080228ec   0x00000168   Code   RO         6536    i.xPortStartScheduler  port.o
    0x08022a54   0x00000034   Code   RO         6537    i.xPortSysTickHandler  port.o
    0x08022a88   0x00000022   Code   RO         6748    i.xQueueCreateMutex  queue.o
    0x08022aaa   0x00000058   Code   RO         6749    i.xQueueGenericCreate  queue.o
    0x08022b02   0x00000002   PAD
    0x08022b04   0x00000098   Code   RO         6750    i.xQueueGenericReset  queue.o
    0x08022b9c   0x000001a8   Code   RO         6751    i.xQueueGenericSend  queue.o
    0x08022d44   0x000000e0   Code   RO         6753    i.xQueueGiveFromISR  queue.o
    0x08022e24   0x00000168   Code   RO         6758    i.xQueueReceive     queue.o
    0x08022f8c   0x000001b8   Code   RO         6760    i.xQueueSemaphoreTake  queue.o
    0x08023144   0x0000008c   Code   RO         7064    i.xTaskCheckForTimeOut  tasks.o
    0x080231d0   0x00000060   Code   RO         7065    i.xTaskCreate       tasks.o
    0x08023230   0x00000104   Code   RO         7066    i.xTaskGenericNotify  tasks.o
    0x08023334   0x0000000c   Code   RO         7068    i.xTaskGetCurrentTaskHandle  tasks.o
    0x08023340   0x00000030   Code   RO         7069    i.xTaskGetIdleTaskHandle  tasks.o
    0x08023370   0x00000020   Code   RO         7070    i.xTaskGetSchedulerState  tasks.o
    0x08023390   0x0000000c   Code   RO         7071    i.xTaskGetTickCount  tasks.o
    0x0802339c   0x00000148   Code   RO         7073    i.xTaskIncrementTick  tasks.o
    0x080234e4   0x000000c8   Code   RO         7076    i.xTaskPriorityDisinherit  tasks.o
    0x080235ac   0x000000c8   Code   RO         7077    i.xTaskPriorityInherit  tasks.o
    0x08023674   0x00000098   Code   RO         7078    i.xTaskRemoveFromEventList  tasks.o
    0x0802370c   0x00000104   Code   RO         7079    i.xTaskResumeAll    tasks.o
    0x08023810   0x000034f8   Data   RO           13    .constdata          fonts.o
    0x08026d08   0x00000c80   Data   RO          309    .constdata          dejavu_5x10.o
    0x08027988   0x00002dde   Data   RO          318    .constdata          dejavu_8x14.o
    0x0802a766   0x00000400   Data   RO          337    .constdata          flash_manager.o
    0x0802ab66   0x00000002   PAD
    0x0802ab68   0x0000024c   Data   RO         1332    .constdata          freertos.o
    0x0802adb4   0x00000048   Data   RO         6426    .constdata          system_stm32l4xx.o
    0x0802adfc   0x00000138   Data   RO         1333    .conststring        freertos.o
    0x0802af34   0x00000020   Data   RO         8051    Region$$Table       anon$$obj.o


    Execution Region RW_IRAM1 (Base: 0x20000000, Size: 0x00018b60, Max: 0x00050000, ABSOLUTE, COMPRESSED[0x000000f4])

    Base Addr    Size         Type   Attr      Idx    E Section Name        Object

    0x20000000   0x00000038   Data   RW           14    .data               fonts.o
    0x20000038   0x00000008   Data   RW          200    .data               ssd1306.o
    0x20000040   0x00000010   Data   RW          591    .data               task_manager.o
    0x20000050   0x00000040   Data   RW         1049    .data               main.o
    0x20000090   0x00000494   Data   RW         1334    .data               freertos.o
    0x20000524   0x00000010   Data   RW         1822    .data               stm32l4xx_it.o
    0x20000534   0x00000004   Data   RW         4520    .data               stm32l4xx_hal.o
    0x20000538   0x00000020   Data   RW         5525    .data               stm32l4xx_hal_flash.o
    0x20000558   0x00000004   Data   RW         6427    .data               system_stm32l4xx.o
    0x2000055c   0x00000018   Data   RW         6466    .data               heap_4.o
    0x20000574   0x0000000c   Data   RW         6538    .data               port.o
    0x20000580   0x00000044   Data   RW         7082    .data               tasks.o
    0x200005c4   0x00000180   Zero   RW          199    .bss                ssd1306.o
    0x20000744   0x000000b0   Zero   RW         1180    .bss                adc.o
    0x200007f4   0x00000014   Zero   RW         1222    .bss                dac.o
    0x20000808   0x000038d0   Zero   RW         1331    .bss                freertos.o
    0x200040d8   0x00000010   Zero   RW         1613    .bss                iwdg.o
    0x200040e8   0x00000064   Zero   RW         1645    .bss                spi.o
    0x2000414c   0x000000c0   Zero   RW         1689    .bss                tim.o
    0x2000420c   0x00000420   Zero   RW         1744    .bss                usart.o
    0x2000462c   0x00000040   Zero   RW         1984    .bss                stm32l4xx_hal_timebase_tim.o
    0x2000466c   0x00014000   Zero   RW         6465    .bss                heap_4.o
    0x2001866c   0x000000f0   Zero   RW         7081    .bss                tasks.o
    0x2001875c   0x00000004   PAD
    0x20018760   0x00000400   Zero   RW            1    STACK               startup_stm32l496xx.o


==============================================================================

Image component sizes


      Code (inc. data)   RO Data    RW Data    ZI Data      Debug   Object Name

       448         70          0          0        176       1915   adc.o
       340          0          0          0          0       1669   arm_biquad_cascade_df1_f32.o
        30          0          0          0          0       1198   arm_biquad_cascade_df1_init_f32.o
       174          0          0          0          0       1334   arm_max_f32.o
       116          4          0          0          0        871   arm_mean_f32.o
       174          0          0          0          0       1334   arm_min_f32.o
       184          6          0          0          0      14294   arm_rms_f32.o
       112          0          0          0          0      12958   cmsis_os.o
       180         34          0          0         20       1609   dac.o
         0          0       3200          0          0        589   dejavu_5x10.o
         0          0      11742          0          0        683   dejavu_8x14.o
       208          6          0          0          0        834   dma.o
         0          0          0          0          0       8024   event_groups.o
       524         24       1024          0          0      26042   flash_manager.o
         0          0      13560         56          0     963602   fonts.o
     37140       5028        900       1172      14544      94938   freertos.o
       356         12          0          0          0       1063   gpio.o
       704         68          0         24      81920       9338   heap_4.o
        68         26          0          0         16        671   iwdg.o
       148          0          0          0          0       3530   list.o
      2642        492          0         64          0      12923   main.o
      1014         92          0         12          0      12013   port.o
      2198         20          0          0          0      16422   queue.o
       220         42          0          0        100       1609   spi.o
      1396         62          0          8        384      10356   ssd1306.o
        36          8        428          0       1024        832   startup_stm32l496xx.o
       152         16          0          4          0       4597   stm32l4xx_hal.o
      3030        134          0          0          0      75930   stm32l4xx_hal_adc.o
      2674        104          0          0          0      71111   stm32l4xx_hal_adc_ex.o
       338         22          0          0          0      31449   stm32l4xx_hal_cortex.o
       736          0          0          0          0       4956   stm32l4xx_hal_dac.o
         2          0          0          0          0        983   stm32l4xx_hal_dac_ex.o
       888         10          0          0          0       4874   stm32l4xx_hal_dma.o
       484         46          0         32          0       4814   stm32l4xx_hal_flash.o
       508         30          0          0          0       3171   stm32l4xx_hal_flash_ex.o
       534         42          0          0          0       3556   stm32l4xx_hal_gpio.o
       112          0          0          0          0       1735   stm32l4xx_hal_iwdg.o
       144          4          0          0          0        886   stm32l4xx_hal_msp.o
       156         18          0          0          0       1342   stm32l4xx_hal_pwr_ex.o
      2728        108          0          0          0       8697   stm32l4xx_hal_rcc.o
      2016         42          0          0          0       3904   stm32l4xx_hal_rcc_ex.o
      1108          0          0          0          0       5010   stm32l4xx_hal_spi.o
      1246         52          0          0          0       9992   stm32l4xx_hal_tim.o
       126         10          0          0          0       3041   stm32l4xx_hal_tim_ex.o
       136         18          0          0         64       1472   stm32l4xx_hal_timebase_tim.o
      2826         80          0          0          0      15682   stm32l4xx_hal_uart.o
       158          4          0          0          0       1851   stm32l4xx_hal_uart_ex.o
       676        138          0         16          0      11536   stm32l4xx_it.o
        84         16         72          4          0       1213   system_stm32l4xx.o
       178         28          0         16          0       3510   task_manager.o
      3494        428          0         68        240      27370   tasks.o
       472         82          0          0        192       2808   tim.o
      1432        206          0          0       1056       4446   usart.o

    ----------------------------------------------------------------------
     74900       7632      30960       1476      99740    1510587   Object Totals
         0          0         32          0          0          0   (incl. Generated)
        50          0          2          0          4          0   (incl. Padding)

    ----------------------------------------------------------------------

      Code (inc. data)   RO Data    RW Data    ZI Data      Debug   Library Member Name

       208          8          0          0          0        152   modf.o
       154          0          0          0          0        140   roundf.o
        86          0          0          0          0          0   __dczerorl2.o
         0          0          0          0          0          0   entry.o
         0          0          0          0          0          0   entry10a.o
         0          0          0          0          0          0   entry11a.o
         8          4          0          0          0          0   entry2.o
         4          0          0          0          0          0   entry5.o
         0          0          0          0          0          0   entry7b.o
         0          0          0          0          0          0   entry8b.o
         8          4          0          0          0          0   entry9a.o
        30          0          0          0          0          0   handlers.o
        36          8          0          0          0         68   init.o
         0          0          0          0          0          0   iusefp.o
        30          0          0          0          0         68   llshl.o
        36          0          0          0          0         68   llsshr.o
        32          0          0          0          0         68   llushr.o
        36          0          0          0          0         68   memcpya.o
        36          0          0          0          0        108   memseta.o
      2256         84          0          0          0        512   printfa.o
        24          0          0          0          0         76   strncpy.o
        44          0          0          0          0         80   uidiv.o
        98          0          0          0          0         92   uldiv.o
        48          0          0          0          0         68   cdcmple.o
        48          0          0          0          0         68   cdrcmple.o
        56          0          0          0          0         88   d2f.o
       334          0          0          0          0        148   dadd.o
       222          0          0          0          0        100   ddiv.o
       186          0          0          0          0        176   depilogue.o
        48          0          0          0          0         68   dfixul.o
        24          0          0          0          0         76   dfltul.o
       228          0          0          0          0         96   dmul.o
        38          0          0          0          0         68   f2d.o
       110          0          0          0          0        168   fepilogue.o
        28          0          0          0          0         84   ffltul.o
        60          0          0          0          0         76   frnd.o

    ----------------------------------------------------------------------
      4560        108          0          0          0       2784   Library Totals
         4          0          0          0          0          0   (incl. Padding)

    ----------------------------------------------------------------------

      Code (inc. data)   RO Data    RW Data    ZI Data      Debug   Library Name

       362          8          0          0          0        292   m_wm.l
      2764        100          0          0          0       1208   mc_w.l
      1430          0          0          0          0       1284   mf_w.l

    ----------------------------------------------------------------------
      4560        108          0          0          0       2784   Library Totals

    ----------------------------------------------------------------------

==============================================================================


      Code (inc. data)   RO Data    RW Data    ZI Data      Debug   

     79460       7740      30960       1476      99740    1479255   Grand Totals
     79460       7740      30960        244      99740    1479255   ELF Image Totals (compressed)
     79460       7740      30960        244          0          0   ROM Totals

==============================================================================

    Total RO  Size (Code + RO Data)               110420 ( 107.83kB)
    Total RW  Size (RW Data + ZI Data)            101216 (  98.84kB)
    Total ROM Size (Code + RO Data + RW Data)     110664 ( 108.07kB)

==============================================================================

